Archive member included to satisfy reference by file (symbol)

/home/nicslabdev/GNU ARM Embedded Toolchain/gcc-arm-none-eabi-7-2018-q2-update/bin/../lib/gcc/arm-none-eabi/7.3.1/../../../../arm-none-eabi/lib/thumb/v7e-m/fpv4-sp/hard/libc_nano.a(lib_a-exit.o)
                              /home/nicslabdev/GNU ARM Embedded Toolchain/gcc-arm-none-eabi-7-2018-q2-update/bin/../lib/gcc/arm-none-eabi/7.3.1/../../../../arm-none-eabi/lib/thumb/v7e-m/fpv4-sp/hard/crt0.o (exit)
/home/nicslabdev/GNU ARM Embedded Toolchain/gcc-arm-none-eabi-7-2018-q2-update/bin/../lib/gcc/arm-none-eabi/7.3.1/../../../../arm-none-eabi/lib/thumb/v7e-m/fpv4-sp/hard/libc_nano.a(lib_a-impure.o)
                              /home/nicslabdev/GNU ARM Embedded Toolchain/gcc-arm-none-eabi-7-2018-q2-update/bin/../lib/gcc/arm-none-eabi/7.3.1/../../../../arm-none-eabi/lib/thumb/v7e-m/fpv4-sp/hard/libc_nano.a(lib_a-exit.o) (_global_impure_ptr)
/home/nicslabdev/GNU ARM Embedded Toolchain/gcc-arm-none-eabi-7-2018-q2-update/bin/../lib/gcc/arm-none-eabi/7.3.1/../../../../arm-none-eabi/lib/thumb/v7e-m/fpv4-sp/hard/libc_nano.a(lib_a-init.o)
                              /home/nicslabdev/GNU ARM Embedded Toolchain/gcc-arm-none-eabi-7-2018-q2-update/bin/../lib/gcc/arm-none-eabi/7.3.1/../../../../arm-none-eabi/lib/thumb/v7e-m/fpv4-sp/hard/crt0.o (__libc_init_array)
/home/nicslabdev/GNU ARM Embedded Toolchain/gcc-arm-none-eabi-7-2018-q2-update/bin/../lib/gcc/arm-none-eabi/7.3.1/../../../../arm-none-eabi/lib/thumb/v7e-m/fpv4-sp/hard/libc_nano.a(lib_a-locale.o)
                              _build/nrf52840_xxaa/nrf_log_str_formatter.c.o (__locale_ctype_ptr)
/home/nicslabdev/GNU ARM Embedded Toolchain/gcc-arm-none-eabi-7-2018-q2-update/bin/../lib/gcc/arm-none-eabi/7.3.1/../../../../arm-none-eabi/lib/thumb/v7e-m/fpv4-sp/hard/libc_nano.a(lib_a-mbtowc_r.o)
                              /home/nicslabdev/GNU ARM Embedded Toolchain/gcc-arm-none-eabi-7-2018-q2-update/bin/../lib/gcc/arm-none-eabi/7.3.1/../../../../arm-none-eabi/lib/thumb/v7e-m/fpv4-sp/hard/libc_nano.a(lib_a-locale.o) (__ascii_mbtowc)
/home/nicslabdev/GNU ARM Embedded Toolchain/gcc-arm-none-eabi-7-2018-q2-update/bin/../lib/gcc/arm-none-eabi/7.3.1/../../../../arm-none-eabi/lib/thumb/v7e-m/fpv4-sp/hard/libc_nano.a(lib_a-memcmp.o)
                              _build/nrf52840_xxaa/ble_advdata.c.o (memcmp)
/home/nicslabdev/GNU ARM Embedded Toolchain/gcc-arm-none-eabi-7-2018-q2-update/bin/../lib/gcc/arm-none-eabi/7.3.1/../../../../arm-none-eabi/lib/thumb/v7e-m/fpv4-sp/hard/libc_nano.a(lib_a-memcpy-stub.o)
                              _build/nrf52840_xxaa/nrf_log_frontend.c.o (memcpy)
/home/nicslabdev/GNU ARM Embedded Toolchain/gcc-arm-none-eabi-7-2018-q2-update/bin/../lib/gcc/arm-none-eabi/7.3.1/../../../../arm-none-eabi/lib/thumb/v7e-m/fpv4-sp/hard/libc_nano.a(lib_a-memset.o)
                              /home/nicslabdev/GNU ARM Embedded Toolchain/gcc-arm-none-eabi-7-2018-q2-update/bin/../lib/gcc/arm-none-eabi/7.3.1/../../../../arm-none-eabi/lib/thumb/v7e-m/fpv4-sp/hard/crt0.o (memset)
/home/nicslabdev/GNU ARM Embedded Toolchain/gcc-arm-none-eabi-7-2018-q2-update/bin/../lib/gcc/arm-none-eabi/7.3.1/../../../../arm-none-eabi/lib/thumb/v7e-m/fpv4-sp/hard/libc_nano.a(lib_a-strcmp.o)
                              /home/nicslabdev/GNU ARM Embedded Toolchain/gcc-arm-none-eabi-7-2018-q2-update/bin/../lib/gcc/arm-none-eabi/7.3.1/../../../../arm-none-eabi/lib/thumb/v7e-m/fpv4-sp/hard/libc_nano.a(lib_a-locale.o) (strcmp)
/home/nicslabdev/GNU ARM Embedded Toolchain/gcc-arm-none-eabi-7-2018-q2-update/bin/../lib/gcc/arm-none-eabi/7.3.1/../../../../arm-none-eabi/lib/thumb/v7e-m/fpv4-sp/hard/libc_nano.a(lib_a-strcpy.o)
                              _build/nrf52840_xxaa/SEGGER_RTT.c.o (strcpy)
/home/nicslabdev/GNU ARM Embedded Toolchain/gcc-arm-none-eabi-7-2018-q2-update/bin/../lib/gcc/arm-none-eabi/7.3.1/../../../../arm-none-eabi/lib/thumb/v7e-m/fpv4-sp/hard/libc_nano.a(lib_a-strlen.o)
                              _build/nrf52840_xxaa/nrf_log_frontend.c.o (strlen)
/home/nicslabdev/GNU ARM Embedded Toolchain/gcc-arm-none-eabi-7-2018-q2-update/bin/../lib/gcc/arm-none-eabi/7.3.1/../../../../arm-none-eabi/lib/thumb/v7e-m/fpv4-sp/hard/libc_nano.a(lib_a-wctomb_r.o)
                              /home/nicslabdev/GNU ARM Embedded Toolchain/gcc-arm-none-eabi-7-2018-q2-update/bin/../lib/gcc/arm-none-eabi/7.3.1/../../../../arm-none-eabi/lib/thumb/v7e-m/fpv4-sp/hard/libc_nano.a(lib_a-locale.o) (__ascii_wctomb)
/home/nicslabdev/GNU ARM Embedded Toolchain/gcc-arm-none-eabi-7-2018-q2-update/bin/../lib/gcc/arm-none-eabi/7.3.1/../../../../arm-none-eabi/lib/thumb/v7e-m/fpv4-sp/hard/libc_nano.a(lib_a-ctype_.o)
                              /home/nicslabdev/GNU ARM Embedded Toolchain/gcc-arm-none-eabi-7-2018-q2-update/bin/../lib/gcc/arm-none-eabi/7.3.1/../../../../arm-none-eabi/lib/thumb/v7e-m/fpv4-sp/hard/libc_nano.a(lib_a-locale.o) (_ctype_)
[...]
Memory Configuration

Name             Origin             Length             Attributes
FLASH            0x0000000000026000 0x00000000000da000 xr
RAM              0x0000000020001cd0 0x000000000003e330 xrw
*default*        0x0000000000000000 0xffffffffffffffff

Linker script and memory map


.text           0x0000000000026000     0xab10
 *(.isr_vector)
 .isr_vector    0x0000000000026000      0x200 _build/nrf52840_xxaa/gcc_startup_nrf52840.S.o
                0x0000000000026000                __isr_vector
 *(.text*)
 .text          0x0000000000026200       0x40 /home/nicslabdev/GNU ARM Embedded Toolchain/gcc-arm-none-eabi-7-2018-q2-update/bin/../lib/gcc/arm-none-eabi/7.3.1/thumb/v7e-m/fpv4-sp/hard/crtbegin.o
 .text          0x0000000000026240       0x74 /home/nicslabdev/GNU ARM Embedded Toolchain/gcc-arm-none-eabi-7-2018-q2-update/bin/../lib/gcc/arm-none-eabi/7.3.1/../../../../arm-none-eabi/lib/thumb/v7e-m/fpv4-sp/hard/crt0.o
                0x0000000000026240                _mainCRTStartup
                0x0000000000026240                _start
 .text          0x00000000000262b4       0x3c _build/nrf52840_xxaa/gcc_startup_nrf52840.S.o
                0x00000000000262b4                Reset_Handler
                0x00000000000262dc                NMI_Handler
                0x00000000000262de                HardFault_Handler
                0x00000000000262e0                MemoryManagement_Handler
                0x00000000000262e2                BusFault_Handler
                0x00000000000262e4                UsageFault_Handler
                0x00000000000262e6                SVC_Handler
                0x00000000000262e8                DebugMon_Handler
                0x00000000000262ea                PendSV_Handler
                0x00000000000262ec                SysTick_Handler
                0x00000000000262ee                TIMER2_IRQHandler
                0x00000000000262ee                RTC0_IRQHandler
                0x00000000000262ee                PWM1_IRQHandler
                0x00000000000262ee                RADIO_IRQHandler
                0x00000000000262ee                PDM_IRQHandler
                0x00000000000262ee                TEMP_IRQHandler
                0x00000000000262ee                QDEC_IRQHandler
                0x00000000000262ee                TIMER3_IRQHandler
                0x00000000000262ee                PWM3_IRQHandler
                0x00000000000262ee                FPU_IRQHandler
                0x00000000000262ee                USBD_IRQHandler
                0x00000000000262ee                SPIM0_SPIS0_TWIM0_TWIS0_SPI0_TWI0_IRQHandler
                0x00000000000262ee                TIMER4_IRQHandler
                0x00000000000262ee                CRYPTOCELL_IRQHandler
                0x00000000000262ee                I2S_IRQHandler
                0x00000000000262ee                SWI4_EGU4_IRQHandler
                0x00000000000262ee                TIMER0_IRQHandler
                0x00000000000262ee                UARTE1_IRQHandler
                0x00000000000262ee                TIMER1_IRQHandler
                0x00000000000262ee                SPIM3_IRQHandler
                0x00000000000262ee                PWM2_IRQHandler
                0x00000000000262ee                ECB_IRQHandler
                0x00000000000262ee                SPIM1_SPIS1_TWIM1_TWIS1_SPI1_TWI1_IRQHandler
                0x00000000000262ee                Default_Handler
                0x00000000000262ee                SAADC_IRQHandler
                0x00000000000262ee                CCM_AAR_IRQHandler
                0x00000000000262ee                WDT_IRQHandler
                0x00000000000262ee                SWI5_EGU5_IRQHandler
                0x00000000000262ee                RNG_IRQHandler
                0x00000000000262ee                RTC2_IRQHandler
                0x00000000000262ee                PWM0_IRQHandler
                0x00000000000262ee                SWI3_EGU3_IRQHandler
                0x00000000000262ee                SWI1_EGU1_IRQHandler
                0x00000000000262ee                SPIM2_SPIS2_SPI2_IRQHandler
                0x00000000000262ee                NFCT_IRQHandler
                0x00000000000262ee                MWU_IRQHandler
                0x00000000000262ee                QSPI_IRQHandler
                0x00000000000262ee                COMP_LPCOMP_IRQHandler
 .text.nrf_log_backend_serial_put
                0x00000000000262f0       0xd4 _build/nrf52840_xxaa/nrf_log_backend_serial.c.o
                0x00000000000262f0                nrf_log_backend_serial_put
 .text.uart_evt_handler
                0x00000000000263c4        0xc _build/nrf52840_xxaa/nrf_log_backend_uart.c.o
 .text.nrf_log_backend_uart_flush
                0x00000000000263d0        0x4 _build/nrf52840_xxaa/nrf_log_backend_uart.c.o
 .text.nrf_log_backend_uart_put
                0x00000000000263d4       0x20 _build/nrf52840_xxaa/nrf_log_backend_uart.c.o
 .text.serial_tx
                0x00000000000263f4       0x4c _build/nrf52840_xxaa/nrf_log_backend_uart.c.o
 .text.nrf_log_backend_uart_panic_set
                0x0000000000026440       0x60 _build/nrf52840_xxaa/nrf_log_backend_uart.c.o
 .text.nrf_log_backend_uart_init
                0x00000000000264a0       0x48 _build/nrf52840_xxaa/nrf_log_backend_uart.c.o
                0x00000000000264a0                nrf_log_backend_uart_init
 .text.nrf_log_default_backends_init
                0x00000000000264e8       0x20 _build/nrf52840_xxaa/nrf_log_default_backends.c.o
                0x00000000000264e8                nrf_log_default_backends_init
 .text.log_skip
                0x0000000000026508       0xd4 _build/nrf52840_xxaa/nrf_log_frontend.c.o
 .text.nrf_log_init
                0x00000000000265dc       0x3c _build/nrf52840_xxaa/nrf_log_frontend.c.o
                0x00000000000265dc                nrf_log_init
 .text.nrf_log_module_name_get
                0x0000000000026618       0x58 _build/nrf52840_xxaa/nrf_log_frontend.c.o
                0x0000000000026618                nrf_log_module_name_get
 .text.nrf_log_color_id_get
                0x0000000000026670       0x2c _build/nrf52840_xxaa/nrf_log_frontend.c.o
                0x0000000000026670                nrf_log_color_id_get
 .text.nrf_log_frontend_std_0
                0x000000000002669c       0xf0 _build/nrf52840_xxaa/nrf_log_frontend.c.o
                0x000000000002669c                nrf_log_frontend_std_0
 .text.nrf_log_frontend_dequeue.part.6
                0x000000000002678c      0x26c _build/nrf52840_xxaa/nrf_log_frontend.c.o
 .text.nrf_log_frontend_std_1
                0x00000000000269f8      0x100 _build/nrf52840_xxaa/nrf_log_frontend.c.o
                0x00000000000269f8                nrf_log_frontend_std_1
 .text.nrf_log_frontend_std_2
                0x0000000000026af8      0x104 _build/nrf52840_xxaa/nrf_log_frontend.c.o
                0x0000000000026af8                nrf_log_frontend_std_2
 .text.nrf_log_frontend_std_3
                0x0000000000026bfc      0x110 _build/nrf52840_xxaa/nrf_log_frontend.c.o
                0x0000000000026bfc                nrf_log_frontend_std_3
 .text.nrf_log_frontend_hexdump
                0x0000000000026d0c      0x148 _build/nrf52840_xxaa/nrf_log_frontend.c.o
                0x0000000000026d0c                nrf_log_frontend_hexdump
 .text.nrf_log_frontend_dequeue
                0x0000000000026e54       0x18 _build/nrf52840_xxaa/nrf_log_frontend.c.o
                0x0000000000026e54                nrf_log_frontend_dequeue
 .text.nrf_log_backend_add
                0x0000000000026e6c       0x68 _build/nrf52840_xxaa/nrf_log_frontend.c.o
                0x0000000000026e6c                nrf_log_backend_add
 .text.nrf_log_panic
                0x0000000000026ed4       0x2c _build/nrf52840_xxaa/nrf_log_frontend.c.o
                0x0000000000026ed4                nrf_log_panic
 .text.nrf_log_std_entry_process
                0x0000000000026f00      0x14c _build/nrf52840_xxaa/nrf_log_str_formatter.c.o
                0x0000000000026f00                nrf_log_std_entry_process
 .text.nrf_log_hexdump_entry_process
                0x000000000002704c      0x158 _build/nrf52840_xxaa/nrf_log_str_formatter.c.o
                0x000000000002704c                nrf_log_hexdump_entry_process
 .text.app_error_handler_bare
                0x00000000000271a4       0x20 _build/nrf52840_xxaa/app_error.c.o
                0x00000000000271a4                app_error_handler_bare
 .text.app_error_fault_handler
                0x00000000000271c4       0x70 _build/nrf52840_xxaa/app_error_weak.c.o
                0x00000000000271c4                app_error_fault_handler
 .text.RTC1_IRQHandler
                0x0000000000027234       0xa0 _build/nrf52840_xxaa/app_timer.c.o
                0x0000000000027234                RTC1_IRQHandler
 .text.SWI0_EGU0_IRQHandler
                0x00000000000272d4      0x394 _build/nrf52840_xxaa/app_timer.c.o
                0x00000000000272d4                SWI0_EGU0_IRQHandler
 .text.app_timer_init
                0x0000000000027668       0xa8 _build/nrf52840_xxaa/app_timer.c.o
                0x0000000000027668                app_timer_init
 .text.app_util_critical_region_enter
                0x0000000000027710       0x4c _build/nrf52840_xxaa/app_util_platform.c.o
                0x0000000000027710                app_util_critical_region_enter
 .text.app_util_critical_region_exit
                0x000000000002775c       0x30 _build/nrf52840_xxaa/app_util_platform.c.o
                0x000000000002775c                app_util_critical_region_exit
 .text.record_find_by_desc
                0x000000000002778c       0xf4 _build/nrf52840_xxaa/fds.c.o
 .text.gc_record_find_next
                0x0000000000027880       0xe0 _build/nrf52840_xxaa/fds.c.o
 .text.queue_process
                0x0000000000027960      0x860 _build/nrf52840_xxaa/fds.c.o
 .text.fs_event_handler
                0x00000000000281c0        0x8 _build/nrf52840_xxaa/fds.c.o
 .text.fds_record_open
                0x00000000000281c8       0x50 _build/nrf52840_xxaa/fds.c.o
                0x00000000000281c8                fds_record_open
 .text.fds_record_close
                0x0000000000028218       0x4c _build/nrf52840_xxaa/fds.c.o
                0x0000000000028218                fds_record_close
 .text.fds_record_write
                0x0000000000028264      0x13c _build/nrf52840_xxaa/fds.c.o
                0x0000000000028264                fds_record_write
 .text.fds_record_update
                0x00000000000283a0      0x140 _build/nrf52840_xxaa/fds.c.o
                0x00000000000283a0                fds_record_update
 .text.fds_file_delete
                0x00000000000284e0       0x70 _build/nrf52840_xxaa/fds.c.o
                0x00000000000284e0                fds_file_delete
 .text.fds_record_find
                0x0000000000028550       0xe4 _build/nrf52840_xxaa/fds.c.o
                0x0000000000028550                fds_record_find
 .text.fds_record_find_by_key
                0x0000000000028634       0xdc _build/nrf52840_xxaa/fds.c.o
                0x0000000000028634                fds_record_find_by_key
 .text.fds_record_find_in_file
                0x0000000000028710       0xdc _build/nrf52840_xxaa/fds.c.o
                0x0000000000028710                fds_record_find_in_file
 .text.fds_record_id_from_desc
                0x00000000000287ec       0x10 _build/nrf52840_xxaa/fds.c.o
                0x00000000000287ec                fds_record_id_from_desc
 .text.nrf_atfifo_item_alloc
                0x00000000000287fc       0x58 _build/nrf52840_xxaa/nrf_atfifo.c.o
                0x00000000000287fc                nrf_atfifo_item_alloc
 .text.nrf_atfifo_item_put
                0x0000000000028854       0x20 _build/nrf52840_xxaa/nrf_atfifo.c.o
                0x0000000000028854                nrf_atfifo_item_put
 .text.nrf_atfifo_item_get
                0x0000000000028874       0x5c _build/nrf52840_xxaa/nrf_atfifo.c.o
                0x0000000000028874                nrf_atfifo_item_get
 .text.nrf_atfifo_item_free
                0x00000000000288d0       0x20 _build/nrf52840_xxaa/nrf_atfifo.c.o
                0x00000000000288d0                nrf_atfifo_item_free
 .text.nrf_atflags_set
                0x00000000000288f0       0x14 _build/nrf52840_xxaa/nrf_atflags.c.o
                0x00000000000288f0                nrf_atflags_set
 .text.nrf_atflags_fetch_set
                0x0000000000028904       0x20 _build/nrf52840_xxaa/nrf_atflags.c.o
                0x0000000000028904                nrf_atflags_fetch_set
 .text.nrf_atflags_clear
                0x0000000000028924       0x14 _build/nrf52840_xxaa/nrf_atflags.c.o
                0x0000000000028924                nrf_atflags_clear
 .text.nrf_atflags_get
                0x0000000000028938       0x14 _build/nrf52840_xxaa/nrf_atflags.c.o
                0x0000000000028938                nrf_atflags_get
 .text.nrf_atflags_find_and_set_flag
                0x000000000002894c       0x88 _build/nrf52840_xxaa/nrf_atflags.c.o
                0x000000000002894c                nrf_atflags_find_and_set_flag
 .text.nrf_atomic_u32_fetch_store
                0x00000000000289d4       0x14 _build/nrf52840_xxaa/nrf_atomic.c.o
                0x00000000000289d4                nrf_atomic_u32_fetch_store
 .text.nrf_atomic_u32_fetch_or
                0x00000000000289e8       0x18 _build/nrf52840_xxaa/nrf_atomic.c.o
                0x00000000000289e8                nrf_atomic_u32_fetch_or
 .text.nrf_atomic_u32_or
                0x0000000000028a00       0x18 _build/nrf52840_xxaa/nrf_atomic.c.o
                0x0000000000028a00                nrf_atomic_u32_or
 .text.nrf_atomic_u32_and
                0x0000000000028a18       0x18 _build/nrf52840_xxaa/nrf_atomic.c.o
                0x0000000000028a18                nrf_atomic_u32_and
 .text.nrf_atomic_u32_fetch_add
                0x0000000000028a30       0x18 _build/nrf52840_xxaa/nrf_atomic.c.o
                0x0000000000028a30                nrf_atomic_u32_fetch_add
 .text.nrf_atomic_u32_add
                0x0000000000028a48       0x18 _build/nrf52840_xxaa/nrf_atomic.c.o
                0x0000000000028a48                nrf_atomic_u32_add
 .text.nrf_atomic_u32_sub
                0x0000000000028a60       0x18 _build/nrf52840_xxaa/nrf_atomic.c.o
                0x0000000000028a60                nrf_atomic_u32_sub
 .text.nrf_atomic_flag_set
                0x0000000000028a78       0x18 _build/nrf52840_xxaa/nrf_atomic.c.o
                0x0000000000028a78                nrf_atomic_flag_set
 .text.nrf_atomic_flag_clear_fetch
                0x0000000000028a90       0x18 _build/nrf52840_xxaa/nrf_atomic.c.o
                0x0000000000028a90                nrf_atomic_flag_clear_fetch
 .text.nrf_balloc_init
                0x0000000000028aa8       0x38 _build/nrf52840_xxaa/nrf_balloc.c.o
                0x0000000000028aa8                nrf_balloc_init
 .text.nrf_balloc_alloc
                0x0000000000028ae0       0x50 _build/nrf52840_xxaa/nrf_balloc.c.o
                0x0000000000028ae0                nrf_balloc_alloc
 .text.nrf_balloc_free
                0x0000000000028b30       0x38 _build/nrf52840_xxaa/nrf_balloc.c.o
                0x0000000000028b30                nrf_balloc_free
 .text.nrf_fprintf_buffer_flush
                0x0000000000028b68       0x18 _build/nrf52840_xxaa/nrf_fprintf.c.o
                0x0000000000028b68                nrf_fprintf_buffer_flush
 .text.nrf_fprintf
                0x0000000000028b80       0x20 _build/nrf52840_xxaa/nrf_fprintf.c.o
                0x0000000000028b80                nrf_fprintf
 .text.unsigned_print
                0x0000000000028ba0      0x10c _build/nrf52840_xxaa/nrf_fprintf_format.c.o
 .text.nrf_fprintf_fmt
                0x0000000000028cac      0x5bc _build/nrf52840_xxaa/nrf_fprintf_format.c.o
                0x0000000000028cac                nrf_fprintf_fmt
 .text.nrf_fstorage_write
                0x0000000000029268      0x13c _build/nrf52840_xxaa/nrf_fstorage.c.o
                0x0000000000029268                nrf_fstorage_write
 .text.nrf_fstorage_erase
                0x00000000000293a4       0xf4 _build/nrf52840_xxaa/nrf_fstorage.c.o
                0x00000000000293a4                nrf_fstorage_erase
 .text.nrf_fstorage_is_busy
                0x0000000000029498       0x50 _build/nrf52840_xxaa/nrf_fstorage.c.o
                0x0000000000029498                nrf_fstorage_is_busy
 .text.sd_flash_write
                0x00000000000294e8        0x4 _build/nrf52840_xxaa/nrf_fstorage_sd.c.o
 .text.sd_flash_page_erase
                0x00000000000294ec        0x4 _build/nrf52840_xxaa/nrf_fstorage_sd.c.o
 .text.nrf_fstorage_sdh_req_handler
                0x00000000000294f0       0x14 _build/nrf52840_xxaa/nrf_fstorage_sd.c.o
                0x00000000000294f0                nrf_fstorage_sdh_req_handler
 .text.queue_process
                0x0000000000029504      0x18c _build/nrf52840_xxaa/nrf_fstorage_sd.c.o
 .text.nrf_fstorage_sdh_state_handler
                0x0000000000029690      0x1a0 _build/nrf52840_xxaa/nrf_fstorage_sd.c.o
                0x0000000000029690                nrf_fstorage_sdh_state_handler
 .text.nrf_fstorage_sys_evt_handler
                0x0000000000029830      0x254 _build/nrf52840_xxaa/nrf_fstorage_sd.c.o
                0x0000000000029830                nrf_fstorage_sys_evt_handler
 .text.nrf_memobj_pool_init
                0x0000000000029a84        0x4 _build/nrf52840_xxaa/nrf_memobj.c.o
                0x0000000000029a84                nrf_memobj_pool_init
 .text.nrf_memobj_alloc
                0x0000000000029a88       0x84 _build/nrf52840_xxaa/nrf_memobj.c.o
                0x0000000000029a88                nrf_memobj_alloc
 .text.nrf_memobj_get
                0x0000000000029b0c        0x8 _build/nrf52840_xxaa/nrf_memobj.c.o
                0x0000000000029b0c                nrf_memobj_get
 .text.nrf_memobj_put
                0x0000000000029b14       0x44 _build/nrf52840_xxaa/nrf_memobj.c.o
                0x0000000000029b14                nrf_memobj_put
 .text.nrf_memobj_write
                0x0000000000029b58       0x68 _build/nrf52840_xxaa/nrf_memobj.c.o
                0x0000000000029b58                nrf_memobj_write
 .text.nrf_memobj_read
                0x0000000000029bc0       0x68 _build/nrf52840_xxaa/nrf_memobj.c.o
                0x0000000000029bc0                nrf_memobj_read
 .text.sd_app_evt_wait
                0x0000000000029c28        0x4 _build/nrf52840_xxaa/nrf_pwr_mgmt.c.o
 .text.nrf_pwr_mgmt_init
                0x0000000000029c2c       0x2c _build/nrf52840_xxaa/nrf_pwr_mgmt.c.o
                0x0000000000029c2c                nrf_pwr_mgmt_init
 .text.nrf_pwr_mgmt_run
                0x0000000000029c58       0x50 _build/nrf52840_xxaa/nrf_pwr_mgmt.c.o
                0x0000000000029c58                nrf_pwr_mgmt_run
 .text.nrf_ringbuf_init
                0x0000000000029ca8       0x1c _build/nrf52840_xxaa/nrf_ringbuf.c.o
                0x0000000000029ca8                nrf_ringbuf_init
 .text.nrf_section_iter_init
                0x0000000000029cc4       0x14 _build/nrf52840_xxaa/nrf_section_iter.c.o
                0x0000000000029cc4                nrf_section_iter_init
 .text.nrf_section_iter_next
                0x0000000000029cd8       0x18 _build/nrf52840_xxaa/nrf_section_iter.c.o
                0x0000000000029cd8                nrf_section_iter_next
 .text.nrf_strerror_get
                0x0000000000029cf0       0x6c _build/nrf52840_xxaa/nrf_strerror.c.o
                0x0000000000029cf0                nrf_strerror_get
 .text.SystemInit
                0x0000000000029d5c      0x1c4 _build/nrf52840_xxaa/system_nrf52840.c.o
                0x0000000000029d5c                SystemInit
 .text.clock_irq_handler
                0x0000000000029f20       0x44 _build/nrf52840_xxaa/nrf_drv_clock.c.o
 .text.soc_evt_handler
                0x0000000000029f64       0x28 _build/nrf52840_xxaa/nrf_drv_clock.c.o
 .text.sd_state_evt_handler
                0x0000000000029f8c       0xa0 _build/nrf52840_xxaa/nrf_drv_clock.c.o
 .text.uarte_evt_handler
                0x000000000002a02c       0x34 _build/nrf52840_xxaa/nrf_drv_uart.c.o
 .text.uart_evt_handler
                0x000000000002a060       0x34 _build/nrf52840_xxaa/nrf_drv_uart.c.o
 .text.nrf_drv_uart_init
                0x000000000002a094       0x88 _build/nrf52840_xxaa/nrf_drv_uart.c.o
                0x000000000002a094                nrf_drv_uart_init
 .text.nrfx_clock_init
                0x000000000002a11c       0x1c _build/nrf52840_xxaa/nrfx_clock.c.o
                0x000000000002a11c                nrfx_clock_init
 .text.nrfx_clock_enable
                0x000000000002a138       0x28 _build/nrf52840_xxaa/nrfx_clock.c.o
                0x000000000002a138                nrfx_clock_enable
 .text.nrfx_clock_lfclk_stop
                0x000000000002a160       0x18 _build/nrf52840_xxaa/nrfx_clock.c.o
                0x000000000002a160                nrfx_clock_lfclk_stop
 .text.POWER_CLOCK_IRQHandler
                0x000000000002a178       0x64 _build/nrf52840_xxaa/nrfx_clock.c.o
                0x000000000002a178                POWER_CLOCK_IRQHandler
 .text.GPIOTE_IRQHandler
                0x000000000002a1dc      0x568 _build/nrf52840_xxaa/nrfx_gpiote.c.o
                0x000000000002a1dc                GPIOTE_IRQHandler
 .text.UARTE0_UART0_IRQHandler
                0x000000000002a744        0xc _build/nrf52840_xxaa/nrfx_prs.c.o
                0x000000000002a744                UARTE0_UART0_IRQHandler
 .text.nrfx_prs_acquire
                0x000000000002a750       0x4c _build/nrf52840_xxaa/nrfx_prs.c.o
                0x000000000002a750                nrfx_prs_acquire
 .text.nrfx_prs_release
                0x000000000002a79c       0x18 _build/nrf52840_xxaa/nrfx_prs.c.o
                0x000000000002a79c                nrfx_prs_release
 .text.nrfx_uart_0_irq_handler
                0x000000000002a7b4      0x1bc _build/nrf52840_xxaa/nrfx_uart.c.o
                0x000000000002a7b4                nrfx_uart_0_irq_handler
 .text.nrfx_uart_init
                0x000000000002a970      0x1f0 _build/nrf52840_xxaa/nrfx_uart.c.o
                0x000000000002a970                nrfx_uart_init
 .text.nrfx_uart_uninit
                0x000000000002ab60       0xfc _build/nrf52840_xxaa/nrfx_uart.c.o
                0x000000000002ab60                nrfx_uart_uninit
 .text.nrfx_uart_tx
                0x000000000002ac5c       0xcc _build/nrf52840_xxaa/nrfx_uart.c.o
                0x000000000002ac5c                nrfx_uart_tx
 .text.nrfx_uarte_0_irq_handler
                0x000000000002ad28      0x128 _build/nrf52840_xxaa/nrfx_uarte.c.o
                0x000000000002ad28                nrfx_uarte_0_irq_handler
 .text.nrfx_uarte_init
                0x000000000002ae50      0x214 _build/nrf52840_xxaa/nrfx_uarte.c.o
                0x000000000002ae50                nrfx_uarte_init
 .text.nrfx_uarte_uninit
                0x000000000002b064      0x100 _build/nrf52840_xxaa/nrfx_uarte.c.o
                0x000000000002b064                nrfx_uarte_uninit
 .text.nrfx_uarte_tx
                0x000000000002b164       0xa0 _build/nrf52840_xxaa/nrfx_uarte.c.o
                0x000000000002b164                nrfx_uarte_tx
 .text.bsp_event_to_button_action_assign
                0x000000000002b204       0x50 _build/nrf52840_xxaa/bsp.c.o
                0x000000000002b204                bsp_event_to_button_action_assign
 .text.ble_evt_handler
                0x000000000002b254       0xac _build/nrf52840_xxaa/bsp_btn_ble.c.o
 .text.ble_evt_handler
                0x000000000002b300       0x44 _build/nrf52840_xxaa/main.c.o
 .text.scan_evt_handler
                0x000000000002b344       0x54 _build/nrf52840_xxaa/main.c.o
 .text.soc_evt_handler
                0x000000000002b398       0x40 _build/nrf52840_xxaa/main.c.o
 .text.startup.main
                0x000000000002b3d8       0xf8 _build/nrf52840_xxaa/main.c.o
                0x000000000002b3d8                main
 .text.sd_ble_uuid_encode
                0x000000000002b4d0        0x4 _build/nrf52840_xxaa/ble_advdata.c.o
 .text.ble_advdata_uuid_find
                0x000000000002b4d4      0x104 _build/nrf52840_xxaa/ble_advdata.c.o
                0x000000000002b4d4                ble_advdata_uuid_find
 .text.ble_evt_handler
                0x000000000002b5d8      0x124 _build/nrf52840_xxaa/ble_conn_state.c.o
 .text.ble_conn_state_valid
                0x000000000002b6fc       0x14 _build/nrf52840_xxaa/ble_conn_state.c.o
                0x000000000002b6fc                ble_conn_state_valid
 .text.ble_conn_state_role
                0x000000000002b710       0x34 _build/nrf52840_xxaa/ble_conn_state.c.o
                0x000000000002b710                ble_conn_state_role
 .text.ble_conn_state_encrypted
                0x000000000002b744       0x30 _build/nrf52840_xxaa/ble_conn_state.c.o
                0x000000000002b744                ble_conn_state_encrypted
 .text.ble_conn_state_user_flag_get
                0x000000000002b774       0x38 _build/nrf52840_xxaa/ble_conn_state.c.o
                0x000000000002b774                ble_conn_state_user_flag_get
 .text.ble_conn_state_user_flag_set
                0x000000000002b7ac       0x44 _build/nrf52840_xxaa/ble_conn_state.c.o
                0x000000000002b7ac                ble_conn_state_user_flag_set
 .text.ble_conn_state_for_each_set_user_flag
                0x000000000002b7f0       0x58 _build/nrf52840_xxaa/ble_conn_state.c.o
                0x000000000002b7f0                ble_conn_state_for_each_set_user_flag
 .text.db_update_pending_handle
                0x000000000002b848      0x10c _build/nrf52840_xxaa/gatt_cache_manager.c.o
 .text.apply_pending_handle
                0x000000000002b954      0x100 _build/nrf52840_xxaa/gatt_cache_manager.c.o
 .text.gcm_im_evt_handler
                0x000000000002ba54      0x104 _build/nrf52840_xxaa/gatt_cache_manager.c.o
                0x000000000002ba54                gcm_im_evt_handler
 .text.gcm_pdb_evt_handler
                0x000000000002bb58       0x60 _build/nrf52840_xxaa/gatt_cache_manager.c.o
                0x000000000002bb58                gcm_pdb_evt_handler
 .text.gcm_ble_evt_handler
                0x000000000002bbb8      0x150 _build/nrf52840_xxaa/gatt_cache_manager.c.o
                0x000000000002bbb8                gcm_ble_evt_handler
 .text.sd_ble_gatts_sys_attr_set
                0x000000000002bd08        0x4 _build/nrf52840_xxaa/gatts_cache_manager.c.o
 .text.sd_ble_gatts_sys_attr_get
                0x000000000002bd0c        0x4 _build/nrf52840_xxaa/gatts_cache_manager.c.o
 .text.gscm_local_db_cache_update
                0x000000000002bd10       0xd4 _build/nrf52840_xxaa/gatts_cache_manager.c.o
                0x000000000002bd10                gscm_local_db_cache_update
 .text.gscm_local_db_cache_apply
                0x000000000002bde4       0xac _build/nrf52840_xxaa/gatts_cache_manager.c.o
                0x000000000002bde4                gscm_local_db_cache_apply
 .text.sd_ecb_block_encrypt
                0x000000000002be90        0x4 _build/nrf52840_xxaa/id_manager.c.o
 .text.im_ble_evt_handler
                0x000000000002be94      0x1e4 _build/nrf52840_xxaa/id_manager.c.o
                0x000000000002be94                im_ble_evt_handler
 .text.im_is_duplicate_bonding_data
                0x000000000002c078      0x100 _build/nrf52840_xxaa/id_manager.c.o
                0x000000000002c078                im_is_duplicate_bonding_data
 .text.im_find_duplicate_bonding_data
                0x000000000002c178       0x40 _build/nrf52840_xxaa/id_manager.c.o
                0x000000000002c178                im_find_duplicate_bonding_data
 .text.im_peer_id_get_by_conn_handle
                0x000000000002c1b8       0x2c _build/nrf52840_xxaa/id_manager.c.o
                0x000000000002c1b8                im_peer_id_get_by_conn_handle
 .text.im_ble_addr_get
                0x000000000002c1e4       0x3c _build/nrf52840_xxaa/id_manager.c.o
                0x000000000002c1e4                im_ble_addr_get
 .text.im_master_ids_compare
                0x000000000002c220       0x44 _build/nrf52840_xxaa/id_manager.c.o
                0x000000000002c220                im_master_ids_compare
 .text.im_peer_id_get_by_master_id
                0x000000000002c264       0xf0 _build/nrf52840_xxaa/id_manager.c.o
                0x000000000002c264                im_peer_id_get_by_master_id
 .text.im_conn_handle_get
                0x000000000002c354       0x40 _build/nrf52840_xxaa/id_manager.c.o
                0x000000000002c354                im_conn_handle_get
 .text.im_master_id_is_valid
                0x000000000002c394       0x30 _build/nrf52840_xxaa/id_manager.c.o
                0x000000000002c394                im_master_id_is_valid
 .text.im_new_peer_id
                0x000000000002c3c4       0x14 _build/nrf52840_xxaa/id_manager.c.o
                0x000000000002c3c4                im_new_peer_id
 .text.im_peer_free
                0x000000000002c3d8       0x5c _build/nrf52840_xxaa/id_manager.c.o
                0x000000000002c3d8                im_peer_free
 .text.sd_ble_gap_scan_start
                0x000000000002c434        0x4 _build/nrf52840_xxaa/nrf_ble_scan.c.o
 .text.sd_ble_gap_scan_stop
                0x000000000002c438        0x4 _build/nrf52840_xxaa/nrf_ble_scan.c.o
 .text.sd_ble_gap_connect
                0x000000000002c43c        0x4 _build/nrf52840_xxaa/nrf_ble_scan.c.o
 .text.nrf_ble_scan_init
                0x000000000002c440       0xbc _build/nrf52840_xxaa/nrf_ble_scan.c.o
                0x000000000002c440                nrf_ble_scan_init
 .text.nrf_ble_scan_start
                0x000000000002c4fc       0x74 _build/nrf52840_xxaa/nrf_ble_scan.c.o
                0x000000000002c4fc                nrf_ble_scan_start
 .text.nrf_ble_scan_on_ble_evt
                0x000000000002c570      0x238 _build/nrf52840_xxaa/nrf_ble_scan.c.o
                0x000000000002c570                nrf_ble_scan_on_ble_evt
 .text.peer_data_delete_process
                0x000000000002c7a8       0xc0 _build/nrf52840_xxaa/peer_data_storage.c.o
 .text.pds_peer_data_read
                0x000000000002c868       0x8c _build/nrf52840_xxaa/peer_data_storage.c.o
                0x000000000002c868                pds_peer_data_read
 .text.pds_peer_data_iterate_prepare
                0x000000000002c8f4       0x10 _build/nrf52840_xxaa/peer_data_storage.c.o
                0x000000000002c8f4                pds_peer_data_iterate_prepare
 .text.pds_peer_data_iterate
                0x000000000002c904       0x5c _build/nrf52840_xxaa/peer_data_storage.c.o
                0x000000000002c904                pds_peer_data_iterate
 .text.pds_peer_data_store
                0x000000000002c960       0xc4 _build/nrf52840_xxaa/peer_data_storage.c.o
                0x000000000002c960                pds_peer_data_store
 .text.pds_peer_id_allocate
                0x000000000002ca24        0x8 _build/nrf52840_xxaa/peer_data_storage.c.o
                0x000000000002ca24                pds_peer_id_allocate
 .text.pds_peer_id_free
                0x000000000002ca2c       0x18 _build/nrf52840_xxaa/peer_data_storage.c.o
                0x000000000002ca2c                pds_peer_id_free
 .text.pds_peer_id_is_allocated
                0x000000000002ca44        0x4 _build/nrf52840_xxaa/peer_data_storage.c.o
                0x000000000002ca44                pds_peer_id_is_allocated
 .text.pds_next_peer_id_get
                0x000000000002ca48        0x4 _build/nrf52840_xxaa/peer_data_storage.c.o
                0x000000000002ca48                pds_next_peer_id_get
 .text.pds_next_deleted_peer_id_get
                0x000000000002ca4c        0x4 _build/nrf52840_xxaa/peer_data_storage.c.o
                0x000000000002ca4c                pds_next_deleted_peer_id_get
 .text.write_buf_store
                0x000000000002ca50      0x10c _build/nrf52840_xxaa/peer_database.c.o
                0x000000000002ca50                write_buf_store
 .text.pdb_pds_evt_handler
                0x000000000002cb5c      0x1e4 _build/nrf52840_xxaa/peer_database.c.o
                0x000000000002cb5c                pdb_pds_evt_handler
 .text.pdb_peer_free
                0x000000000002cd40      0x1b8 _build/nrf52840_xxaa/peer_database.c.o
                0x000000000002cd40                pdb_peer_free
 .text.pdb_peer_data_ptr_get
                0x000000000002cef8        0x8 _build/nrf52840_xxaa/peer_database.c.o
                0x000000000002cef8                pdb_peer_data_ptr_get
 .text.pdb_write_buf_get
                0x000000000002cf00      0x300 _build/nrf52840_xxaa/peer_database.c.o
                0x000000000002cf00                pdb_write_buf_get
 .text.pdb_write_buf_release
                0x000000000002d200      0x138 _build/nrf52840_xxaa/peer_database.c.o
                0x000000000002d200                pdb_write_buf_release
 .text.pdb_write_buf_store
                0x000000000002d338      0x114 _build/nrf52840_xxaa/peer_database.c.o
                0x000000000002d338                pdb_write_buf_store
 .text.peer_id_allocate
                0x000000000002d44c       0x3c _build/nrf52840_xxaa/peer_id.c.o
                0x000000000002d44c                peer_id_allocate
 .text.peer_id_delete
                0x000000000002d488       0x24 _build/nrf52840_xxaa/peer_id.c.o
                0x000000000002d488                peer_id_delete
 .text.peer_id_free
                0x000000000002d4ac       0x28 _build/nrf52840_xxaa/peer_id.c.o
                0x000000000002d4ac                peer_id_free
 .text.peer_id_is_allocated
                0x000000000002d4d4       0x14 _build/nrf52840_xxaa/peer_id.c.o
                0x000000000002d4d4                peer_id_is_allocated
 .text.peer_id_get_next_used
                0x000000000002d4e8       0x7c _build/nrf52840_xxaa/peer_id.c.o
                0x000000000002d4e8                peer_id_get_next_used
 .text.peer_id_get_next_deleted
                0x000000000002d564       0x40 _build/nrf52840_xxaa/peer_id.c.o
                0x000000000002d564                peer_id_get_next_deleted
 .text.ble_evt_handler
                0x000000000002d5a4       0x24 _build/nrf52840_xxaa/peer_manager.c.o
 .text.pm_peer_ranks_get.part.3
                0x000000000002d5c8       0xf0 _build/nrf52840_xxaa/peer_manager.c.o
 .text.pm_pdb_evt_handler
                0x000000000002d6b8      0x258 _build/nrf52840_xxaa/peer_manager.c.o
                0x000000000002d6b8                pm_pdb_evt_handler
 .text.pm_sm_evt_handler
                0x000000000002d910       0x2c _build/nrf52840_xxaa/peer_manager.c.o
                0x000000000002d910                pm_sm_evt_handler
 .text.pm_gcm_evt_handler
                0x000000000002d93c       0x28 _build/nrf52840_xxaa/peer_manager.c.o
                0x000000000002d93c                pm_gcm_evt_handler
 .text.pm_im_evt_handler
                0x000000000002d964       0x28 _build/nrf52840_xxaa/peer_manager.c.o
                0x000000000002d964                pm_im_evt_handler
 .text.pm_buffer_block_acquire
                0x000000000002d98c       0x90 _build/nrf52840_xxaa/pm_buffer.c.o
                0x000000000002d98c                pm_buffer_block_acquire
 .text.pm_buffer_ptr_get
                0x000000000002da1c       0x34 _build/nrf52840_xxaa/pm_buffer.c.o
                0x000000000002da1c                pm_buffer_ptr_get
 .text.pm_buffer_release
                0x000000000002da50       0x34 _build/nrf52840_xxaa/pm_buffer.c.o
                0x000000000002da50                pm_buffer_release
 .text.sd_ble_gap_authenticate
                0x000000000002da84        0x4 _build/nrf52840_xxaa/security_dispatcher.c.o
 .text.sd_ble_gap_sec_params_reply
                0x000000000002da88        0x4 _build/nrf52840_xxaa/security_dispatcher.c.o
 .text.sd_ble_gap_encrypt
                0x000000000002da8c        0x4 _build/nrf52840_xxaa/security_dispatcher.c.o
 .text.sd_ble_gap_sec_info_reply
                0x000000000002da90        0x4 _build/nrf52840_xxaa/security_dispatcher.c.o
 .text.auth_status_success_process
                0x000000000002da94      0x2e4 _build/nrf52840_xxaa/security_dispatcher.c.o
 .text.smd_params_reply
                0x000000000002dd78      0x18c _build/nrf52840_xxaa/security_dispatcher.c.o
                0x000000000002dd78                smd_params_reply
 .text.smd_link_secure
                0x000000000002df04      0x1dc _build/nrf52840_xxaa/security_dispatcher.c.o
                0x000000000002df04                smd_link_secure
 .text.smd_ble_evt_handler
                0x000000000002e0e0      0x544 _build/nrf52840_xxaa/security_dispatcher.c.o
                0x000000000002e0e0                smd_ble_evt_handler
 .text.params_reply_pending_handle
                0x000000000002e624      0x150 _build/nrf52840_xxaa/security_manager.c.o
 .text.link_secure_pending_handle
                0x000000000002e774      0x1b8 _build/nrf52840_xxaa/security_manager.c.o
 .text.sm_smd_evt_handler
                0x000000000002e92c      0x314 _build/nrf52840_xxaa/security_manager.c.o
                0x000000000002e92c                sm_smd_evt_handler
 .text.sm_pdb_evt_handler
                0x000000000002ec40       0x48 _build/nrf52840_xxaa/security_manager.c.o
                0x000000000002ec40                sm_pdb_evt_handler
 .text.sm_ble_evt_handler
                0x000000000002ec88       0x34 _build/nrf52840_xxaa/security_manager.c.o
                0x000000000002ec88                sm_ble_evt_handler
 .text.sd_softdevice_enable
                0x000000000002ecbc        0x4 _build/nrf52840_xxaa/nrf_sdh.c.o
 .text.sd_softdevice_disable
                0x000000000002ecc0        0x4 _build/nrf52840_xxaa/nrf_sdh.c.o
 .text.nrf_sdh_enable_request
                0x000000000002ecc4      0x114 _build/nrf52840_xxaa/nrf_sdh.c.o
                0x000000000002ecc4                nrf_sdh_enable_request
 .text.nrf_sdh_disable_request
                0x000000000002edd8       0xe0 _build/nrf52840_xxaa/nrf_sdh.c.o
                0x000000000002edd8                nrf_sdh_disable_request
 .text.nrf_sdh_request_continue
                0x000000000002eeb8       0x20 _build/nrf52840_xxaa/nrf_sdh.c.o
                0x000000000002eeb8                nrf_sdh_request_continue
 .text.nrf_sdh_is_enabled
                0x000000000002eed8        0xc _build/nrf52840_xxaa/nrf_sdh.c.o
                0x000000000002eed8                nrf_sdh_is_enabled
 .text.SWI2_EGU2_IRQHandler
                0x000000000002eee4       0x2c _build/nrf52840_xxaa/nrf_sdh.c.o
                0x000000000002eee4                SWI2_EGU2_IRQHandler
 .text.sd_ble_enable
                0x000000000002ef10        0x4 _build/nrf52840_xxaa/nrf_sdh_ble.c.o
 .text.sd_ble_cfg_set
                0x000000000002ef14        0x4 _build/nrf52840_xxaa/nrf_sdh_ble.c.o
 .text.sd_ble_evt_get
                0x000000000002ef18        0x4 _build/nrf52840_xxaa/nrf_sdh_ble.c.o
 .text.nrf_sdh_ble_evts_poll
                0x000000000002ef1c       0x58 _build/nrf52840_xxaa/nrf_sdh_ble.c.o
 .text.nrf_sdh_ble_default_cfg_set
                0x000000000002ef74      0x174 _build/nrf52840_xxaa/nrf_sdh_ble.c.o
                0x000000000002ef74                nrf_sdh_ble_default_cfg_set
 .text.nrf_sdh_ble_enable
                0x000000000002f0e8       0x9c _build/nrf52840_xxaa/nrf_sdh_ble.c.o
                0x000000000002f0e8                nrf_sdh_ble_enable
 .text.sd_evt_get
                0x000000000002f184        0x4 _build/nrf52840_xxaa/nrf_sdh_soc.c.o
 .text.nrf_sdh_soc_evts_poll
                0x000000000002f188       0x4c _build/nrf52840_xxaa/nrf_sdh_soc.c.o
 .text.exit     0x000000000002f1d4       0x28 /home/nicslabdev/GNU ARM Embedded Toolchain/gcc-arm-none-eabi-7-2018-q2-update/bin/../lib/gcc/arm-none-eabi/7.3.1/../../../../arm-none-eabi/lib/thumb/v7e-m/fpv4-sp/hard/libc_nano.a(lib_a-exit.o)
                0x000000000002f1d4                exit
 .text.__libc_init_array
                0x000000000002f1fc       0x48 /home/nicslabdev/GNU ARM Embedded Toolchain/gcc-arm-none-eabi-7-2018-q2-update/bin/../lib/gcc/arm-none-eabi/7.3.1/../../../../arm-none-eabi/lib/thumb/v7e-m/fpv4-sp/hard/libc_nano.a(lib_a-init.o)
                0x000000000002f1fc                __libc_init_array
 .text.__locale_ctype_ptr
                0x000000000002f244       0x1c /home/nicslabdev/GNU ARM Embedded Toolchain/gcc-arm-none-eabi-7-2018-q2-update/bin/../lib/gcc/arm-none-eabi/7.3.1/../../../../arm-none-eabi/lib/thumb/v7e-m/fpv4-sp/hard/libc_nano.a(lib_a-locale.o)
                0x000000000002f244                __locale_ctype_ptr
 .text.__ascii_mbtowc
                0x000000000002f260       0x24 /home/nicslabdev/GNU ARM Embedded Toolchain/gcc-arm-none-eabi-7-2018-q2-update/bin/../lib/gcc/arm-none-eabi/7.3.1/../../../../arm-none-eabi/lib/thumb/v7e-m/fpv4-sp/hard/libc_nano.a(lib_a-mbtowc_r.o)
                0x000000000002f260                __ascii_mbtowc
 .text.memcmp   0x000000000002f284       0x1e /home/nicslabdev/GNU ARM Embedded Toolchain/gcc-arm-none-eabi-7-2018-q2-update/bin/../lib/gcc/arm-none-eabi/7.3.1/../../../../arm-none-eabi/lib/thumb/v7e-m/fpv4-sp/hard/libc_nano.a(lib_a-memcmp.o)
                0x000000000002f284                memcmp
 .text.memcpy   0x000000000002f2a2       0x16 /home/nicslabdev/GNU ARM Embedded Toolchain/gcc-arm-none-eabi-7-2018-q2-update/bin/../lib/gcc/arm-none-eabi/7.3.1/../../../../arm-none-eabi/lib/thumb/v7e-m/fpv4-sp/hard/libc_nano.a(lib_a-memcpy-stub.o)
                0x000000000002f2a2                memcpy
 .text.memset   0x000000000002f2b8       0x10 /home/nicslabdev/GNU ARM Embedded Toolchain/gcc-arm-none-eabi-7-2018-q2-update/bin/../lib/gcc/arm-none-eabi/7.3.1/../../../../arm-none-eabi/lib/thumb/v7e-m/fpv4-sp/hard/libc_nano.a(lib_a-memset.o)
                0x000000000002f2b8                memset
 .text          0x000000000002f2c8       0x10 /home/nicslabdev/GNU ARM Embedded Toolchain/gcc-arm-none-eabi-7-2018-q2-update/bin/../lib/gcc/arm-none-eabi/7.3.1/../../../../arm-none-eabi/lib/thumb/v7e-m/fpv4-sp/hard/libc_nano.a(lib_a-strlen.o)
                0x000000000002f2c8                strlen
 .text.__ascii_wctomb
                0x000000000002f2d8       0x1a /home/nicslabdev/GNU ARM Embedded Toolchain/gcc-arm-none-eabi-7-2018-q2-update/bin/../lib/gcc/arm-none-eabi/7.3.1/../../../../arm-none-eabi/lib/thumb/v7e-m/fpv4-sp/hard/libc_nano.a(lib_a-wctomb_r.o)
                0x000000000002f2d8                __ascii_wctomb
 *fill*         0x000000000002f2f2        0x2 
 .text._exit    0x000000000002f2f4        0x4 /home/nicslabdev/GNU ARM Embedded Toolchain/gcc-arm-none-eabi-7-2018-q2-update/bin/../lib/gcc/arm-none-eabi/7.3.1/../../../../arm-none-eabi/lib/thumb/v7e-m/fpv4-sp/hard/libnosys.a(_exit.o)
                0x000000000002f2f4                _exit
 *(.init)
 .init          0x000000000002f2f8        0x4 /home/nicslabdev/GNU ARM Embedded Toolchain/gcc-arm-none-eabi-7-2018-q2-update/bin/../lib/gcc/arm-none-eabi/7.3.1/thumb/v7e-m/fpv4-sp/hard/crti.o
                0x000000000002f2f8                _init
 .init          0x000000000002f2fc        0x8 /home/nicslabdev/GNU ARM Embedded Toolchain/gcc-arm-none-eabi-7-2018-q2-update/bin/../lib/gcc/arm-none-eabi/7.3.1/thumb/v7e-m/fpv4-sp/hard/crtn.o
 *(.fini)
 .fini          0x000000000002f304        0x4 /home/nicslabdev/GNU ARM Embedded Toolchain/gcc-arm-none-eabi-7-2018-q2-update/bin/../lib/gcc/arm-none-eabi/7.3.1/thumb/v7e-m/fpv4-sp/hard/crti.o
                0x000000000002f304                _fini
 .fini          0x000000000002f308        0x8 /home/nicslabdev/GNU ARM Embedded Toolchain/gcc-arm-none-eabi-7-2018-q2-update/bin/../lib/gcc/arm-none-eabi/7.3.1/thumb/v7e-m/fpv4-sp/hard/crtn.o
 *crtbegin.o(.ctors)
 *crtbegin?.o(.ctors)
 *(EXCLUDE_FILE(*crtend.o *crtend?.o) .ctors)
 *(SORT_BY_NAME(.ctors.*))
 *(.ctors)
 *crtbegin.o(.dtors)
 *crtbegin?.o(.dtors)
 *(EXCLUDE_FILE(*crtend.o *crtend?.o) .dtors)
 *(SORT_BY_NAME(.dtors.*))
 *(.dtors)
 *(.rodata*)
 .rodata        0x000000000002f310       0x20 _build/nrf52840_xxaa/nrf_log_backend_uart.c.o
 .rodata.nrf_log_backend_uart_api
                0x000000000002f330        0xc _build/nrf52840_xxaa/nrf_log_backend_uart.c.o
                0x000000000002f330                nrf_log_backend_uart_api
 .rodata.str1.4
                0x000000000002f33c       0x11 _build/nrf52840_xxaa/nrf_log_default_backends.c.o
 *fill*         0x000000000002f34d        0x3 
 .rodata.m_log_push_ringbuf
                0x000000000002f350        0xc _build/nrf52840_xxaa/nrf_log_frontend.c.o
 .rodata.nrf_log_frontend_dequeue.part.6.str1.4
                0x000000000002f35c       0x11 _build/nrf52840_xxaa/nrf_log_frontend.c.o
 *fill*         0x000000000002f36d        0x3 
 .rodata.str1.4
                0x000000000002f370        0x4 _build/nrf52840_xxaa/nrf_log_frontend.c.o
 .rodata.m_colors
                0x000000000002f374       0x24 _build/nrf52840_xxaa/nrf_log_str_formatter.c.o
 .rodata.nrf_log_hexdump_entry_process.str1.4
                0x000000000002f398        0xf _build/nrf52840_xxaa/nrf_log_str_formatter.c.o
                                         0x16 (size before relaxing)
 *fill*         0x000000000002f3a7        0x1 
 .rodata.nrf_log_std_entry_process.str1.4
                0x000000000002f3a8       0x3b _build/nrf52840_xxaa/nrf_log_str_formatter.c.o
 *fill*         0x000000000002f3e3        0x1 
 .rodata.severity_names
                0x000000000002f3e4       0x14 _build/nrf52840_xxaa/nrf_log_str_formatter.c.o
 .rodata.str1.4
                0x000000000002f3f8       0x56 _build/nrf52840_xxaa/nrf_log_str_formatter.c.o
 *fill*         0x000000000002f44e        0x2 
 .rodata.app_error_fault_handler.str1.4
                0x000000000002f450       0x19 _build/nrf52840_xxaa/app_error_weak.c.o
 *fill*         0x000000000002f469        0x7 
 .rodata.delay_bytecode.8989
                0x000000000002f470        0x6 _build/nrf52840_xxaa/app_timer.c.o
 *fill*         0x000000000002f476        0x2 
 .rodata.dirty_header.9323
                0x000000000002f478        0x4 _build/nrf52840_xxaa/fds.c.o
 .rodata.page_tag_data.9196
                0x000000000002f47c        0x8 _build/nrf52840_xxaa/fds.c.o
 .rodata.page_tag_swap.9192
                0x000000000002f484        0x8 _build/nrf52840_xxaa/fds.c.o
 .rodata._aV2C.7655
                0x000000000002f48c       0x10 _build/nrf52840_xxaa/nrf_fprintf_format.c.o
 .rodata.__func__.7848
                0x000000000002f49c       0x13 _build/nrf52840_xxaa/nrf_fstorage.c.o
 *fill*         0x000000000002f4af        0x1 
 .rodata.__func__.7855
                0x000000000002f4b0       0x13 _build/nrf52840_xxaa/nrf_fstorage.c.o
 *fill*         0x000000000002f4c3        0x1 
 .rodata.nrf_fstorage_erase.str1.4
                0x000000000002f4c4       0x77 _build/nrf52840_xxaa/nrf_fstorage.c.o
 *fill*         0x000000000002f53b        0x1 
 .rodata.nrf_fstorage_init.str1.4
                0x000000000002f53c       0x3a _build/nrf52840_xxaa/nrf_fstorage.c.o
 *fill*         0x000000000002f576        0x2 
 .rodata.nrf_fstorage_read.str1.4
                0x000000000002f578       0x4a _build/nrf52840_xxaa/nrf_fstorage.c.o
 *fill*         0x000000000002f5c2        0x2 
 .rodata.nrf_fstorage_uninit.str1.4
                0x000000000002f5c4        0xc _build/nrf52840_xxaa/nrf_fstorage.c.o
 .rodata.nrf_fstorage_write.str1.4
                0x000000000002f5d0       0x97 _build/nrf52840_xxaa/nrf_fstorage.c.o
 *fill*         0x000000000002f667        0x1 
 .rodata.str1.4
                0x000000000002f668        0xd _build/nrf52840_xxaa/nrf_fstorage.c.o
 *fill*         0x000000000002f675        0x3 
 .rodata.pwr_mgmt_data
                0x000000000002f678        0xc _build/nrf52840_xxaa/nrf_pwr_mgmt.c.o
 .rodata.str1.4
                0x000000000002f684        0x9 _build/nrf52840_xxaa/nrf_pwr_mgmt.c.o
 *fill*         0x000000000002f68d        0x3 
 .rodata.m_unknown_str
                0x000000000002f690       0x13 _build/nrf52840_xxaa/nrf_strerror.c.o
 *fill*         0x000000000002f6a3        0x1 
 .rodata.nrf_strerror_array
                0x000000000002f6a4      0x128 _build/nrf52840_xxaa/nrf_strerror.c.o
 .rodata.str1.4
                0x000000000002f7cc      0x3e9 _build/nrf52840_xxaa/nrf_strerror.c.o
 *fill*         0x000000000002fbb5        0x3 
 .rodata.str1.4
                0x000000000002fbb8        0x6 _build/nrf52840_xxaa/nrf_drv_clock.c.o
 *fill*         0x000000000002fbbe        0x2 
 .rodata.str1.4
                0x000000000002fbc0        0x6 _build/nrf52840_xxaa/nrfx_clock.c.o
 *fill*         0x000000000002fbc6        0x2 
 .rodata.str1.4
                0x000000000002fbc8        0x7 _build/nrf52840_xxaa/nrfx_gpiote.c.o
 *fill*         0x000000000002fbcf        0x1 
 .rodata.str1.4
                0x000000000002fbd0        0x4 _build/nrf52840_xxaa/nrfx_prs.c.o
 .rodata.str1.4
                0x000000000002fbd4        0x5 _build/nrf52840_xxaa/nrfx_uart.c.o
 *fill*         0x000000000002fbd9        0x3 
 .rodata.str1.4
                0x000000000002fbdc        0x6 _build/nrf52840_xxaa/nrfx_uarte.c.o
 *fill*         0x000000000002fbe2        0x2 
 .rodata.ble_evt_handler.str1.4
                0x000000000002fbe4       0x25 _build/nrf52840_xxaa/main.c.o
 *fill*         0x000000000002fc09        0x3 
 .rodata.main.str1.4
                0x000000000002fc0c       0x3c _build/nrf52840_xxaa/main.c.o
 .rodata.scan_evt_handler.str1.4
                0x000000000002fc48       0x10 _build/nrf52840_xxaa/main.c.o
 .rodata.str1.4
                0x000000000002fc58        0xc _build/nrf52840_xxaa/ble_db_discovery.c.o
 .rodata.apply_pending_handle.str1.4
                0x000000000002fc64       0xd1 _build/nrf52840_xxaa/gatt_cache_manager.c.o
 *fill*         0x000000000002fd35        0x3 
 .rodata.db_update_pending_handle.str1.4
                0x000000000002fd38       0x75 _build/nrf52840_xxaa/gatt_cache_manager.c.o
 *fill*         0x000000000002fdad        0x3 
 .rodata.str1.4
                0x000000000002fdb0       0x11 _build/nrf52840_xxaa/gatt_cache_manager.c.o
 *fill*         0x000000000002fdc1        0x3 
 .rodata.gscm_local_db_cache_apply.str1.4
                0x000000000002fdc4       0x78 _build/nrf52840_xxaa/gatts_cache_manager.c.o
 .rodata.gscm_local_db_cache_update.str1.4
                0x000000000002fe3c       0x7f _build/nrf52840_xxaa/gatts_cache_manager.c.o
 *fill*         0x000000000002febb        0x1 
 .rodata.str1.4
                0x000000000002febc       0x12 _build/nrf52840_xxaa/gatts_cache_manager.c.o
 *fill*         0x000000000002fece        0x2 
 .rodata.str1.4
                0x000000000002fed0       0x10 _build/nrf52840_xxaa/id_manager.c.o
 .rodata.str1.4
                0x000000000002fee0        0xd _build/nrf52840_xxaa/nrf_ble_gatt.c.o
 *fill*         0x000000000002feed        0x3 
 .rodata.nrf_ble_scan_start.str1.4
                0x000000000002fef0       0x24 _build/nrf52840_xxaa/nrf_ble_scan.c.o
 .rodata.str1.4
                0x000000000002ff14        0x9 _build/nrf52840_xxaa/nrf_ble_scan.c.o
 *fill*         0x000000000002ff1d        0x3 
 .rodata.pds_peer_data_store.str1.4
                0x000000000002ff20       0x56 _build/nrf52840_xxaa/peer_data_storage.c.o
 *fill*         0x000000000002ff76        0x2 
 .rodata.peer_data_delete_process.str1.4
                0x000000000002ff78       0x4c _build/nrf52840_xxaa/peer_data_storage.c.o
 .rodata.str1.4
                0x000000000002ffc4       0x11 _build/nrf52840_xxaa/peer_data_storage.c.o
 *fill*         0x000000000002ffd5        0x3 
 .rodata.pdb_pds_evt_handler.str1.4
                0x000000000002ffd8       0x60 _build/nrf52840_xxaa/peer_database.c.o
 .rodata.pdb_peer_free.str1.4
                0x0000000000030038       0x52 _build/nrf52840_xxaa/peer_database.c.o
 *fill*         0x000000000003008a        0x2 
 .rodata.pdb_write_buf_get.str1.4
                0x000000000003008c       0x74 _build/nrf52840_xxaa/peer_database.c.o
 .rodata.str1.4
                0x0000000000030100       0x11 _build/nrf52840_xxaa/peer_database.c.o
 *fill*         0x0000000000030111        0x3 
 .rodata.write_buf_store.str1.4
                0x0000000000030114       0x6f _build/nrf52840_xxaa/peer_database.c.o
 *fill*         0x0000000000030183        0x1 
 .rodata.pm_peer_ranks_get.part.3.str1.4
                0x0000000000030184       0x48 _build/nrf52840_xxaa/peer_manager.c.o
 .rodata.str1.4
                0x00000000000301cc        0xd _build/nrf52840_xxaa/peer_manager.c.o
 *fill*         0x00000000000301d9        0x3 
 .rodata.str1.4
                0x00000000000301dc      0x105 _build/nrf52840_xxaa/peer_manager_handler.c.o
 *fill*         0x00000000000302e1        0x3 
 .rodata.auth_status_success_process.str1.4
                0x00000000000302e4       0xe6 _build/nrf52840_xxaa/security_dispatcher.c.o
 *fill*         0x00000000000303ca        0x2 
 .rodata.smd_ble_evt_handler.str1.4
                0x00000000000303cc       0xdc _build/nrf52840_xxaa/security_dispatcher.c.o
 .rodata.smd_link_secure.str1.4
                0x00000000000304a8       0x51 _build/nrf52840_xxaa/security_dispatcher.c.o
 *fill*         0x00000000000304f9        0x3 
 .rodata.smd_params_reply.str1.4
                0x00000000000304fc       0xb2 _build/nrf52840_xxaa/security_dispatcher.c.o
 *fill*         0x00000000000305ae        0x2 
 .rodata.str1.4
                0x00000000000305b0       0x11 _build/nrf52840_xxaa/security_dispatcher.c.o
 *fill*         0x00000000000305c1        0x3 
 .rodata.link_secure_pending_handle.str1.4
                0x00000000000305c4       0x55 _build/nrf52840_xxaa/security_manager.c.o
 *fill*         0x0000000000030619        0x3 
 .rodata.params_reply_pending_handle.str1.4
                0x000000000003061c      0x123 _build/nrf52840_xxaa/security_manager.c.o
 *fill*         0x000000000003073f        0x1 
 .rodata.str1.4
                0x0000000000030740       0x10 _build/nrf52840_xxaa/security_manager.c.o
 .rodata.str1.4
                0x0000000000030750        0x8 _build/nrf52840_xxaa/ble_dis_c.c.o
 .rodata.str1.4
                0x0000000000030758        0xb _build/nrf52840_xxaa/ble_rscs_c.c.o
 *fill*         0x0000000000030763        0x1 
 .rodata        0x0000000000030764        0x4 _build/nrf52840_xxaa/nrf_sdh.c.o
 .rodata.sdh_req_observers
                0x0000000000030768        0xc _build/nrf52840_xxaa/nrf_sdh.c.o
 .rodata.sdh_stack_observers
                0x0000000000030774        0xc _build/nrf52840_xxaa/nrf_sdh.c.o
 .rodata.sdh_state_observers
                0x0000000000030780        0xc _build/nrf52840_xxaa/nrf_sdh.c.o
 .rodata.str1.4
                0x000000000003078c        0x8 _build/nrf52840_xxaa/nrf_sdh.c.o
 .rodata.nrf_sdh_ble_default_cfg_set.str1.4
                0x0000000000030794      0x187 _build/nrf52840_xxaa/nrf_sdh_ble.c.o
 *fill*         0x000000000003091b        0x1 
 .rodata.nrf_sdh_ble_enable.str1.4
                0x000000000003091c       0xad _build/nrf52840_xxaa/nrf_sdh_ble.c.o
 *fill*         0x00000000000309c9        0x3 
 .rodata.sdh_ble_observers
                0x00000000000309cc        0xc _build/nrf52840_xxaa/nrf_sdh_ble.c.o
 .rodata.str1.4
                0x00000000000309d8        0xc _build/nrf52840_xxaa/nrf_sdh_ble.c.o
 .rodata.sdh_soc_observers
                0x00000000000309e4        0xc _build/nrf52840_xxaa/nrf_sdh_soc.c.o
 .rodata.str1.4
                0x00000000000309f0        0xc _build/nrf52840_xxaa/nrf_sdh_soc.c.o
 .rodata._global_impure_ptr
                0x00000000000309fc        0x4 /home/nicslabdev/GNU ARM Embedded Toolchain/gcc-arm-none-eabi-7-2018-q2-update/bin/../lib/gcc/arm-none-eabi/7.3.1/../../../../arm-none-eabi/lib/thumb/v7e-m/fpv4-sp/hard/libc_nano.a(lib_a-impure.o)
                0x00000000000309fc                _global_impure_ptr
 .rodata._setlocale_r.str1.1
                0x0000000000030a00        0x8 /home/nicslabdev/GNU ARM Embedded Toolchain/gcc-arm-none-eabi-7-2018-q2-update/bin/../lib/gcc/arm-none-eabi/7.3.1/../../../../arm-none-eabi/lib/thumb/v7e-m/fpv4-sp/hard/libc_nano.a(lib_a-locale.o)
                                          0x9 (size before relaxing)
 .rodata.str1.1
                0x0000000000030a08        0x2 /home/nicslabdev/GNU ARM Embedded Toolchain/gcc-arm-none-eabi-7-2018-q2-update/bin/../lib/gcc/arm-none-eabi/7.3.1/../../../../arm-none-eabi/lib/thumb/v7e-m/fpv4-sp/hard/libc_nano.a(lib_a-locale.o)
 .rodata._ctype_
                0x0000000000030a0a      0x101 /home/nicslabdev/GNU ARM Embedded Toolchain/gcc-arm-none-eabi-7-2018-q2-update/bin/../lib/gcc/arm-none-eabi/7.3.1/../../../../arm-none-eabi/lib/thumb/v7e-m/fpv4-sp/hard/libc_nano.a(lib_a-ctype_.o)
                0x0000000000030a0a                _ctype_
 *(.eh_frame*)
 *fill*         0x0000000000030b0b        0x1 
 .eh_frame      0x0000000000030b0c        0x0 /home/nicslabdev/GNU ARM Embedded Toolchain/gcc-arm-none-eabi-7-2018-q2-update/bin/../lib/gcc/arm-none-eabi/7.3.1/thumb/v7e-m/fpv4-sp/hard/crtbegin.o
 .eh_frame      0x0000000000030b0c        0x4 /home/nicslabdev/GNU ARM Embedded Toolchain/gcc-arm-none-eabi-7-2018-q2-update/bin/../lib/gcc/arm-none-eabi/7.3.1/thumb/v7e-m/fpv4-sp/hard/crtend.o

.glue_7         0x0000000000030b10        0x0
 .glue_7        0x0000000000030b10        0x0 linker stubs

.glue_7t        0x0000000000030b10        0x0
 .glue_7t       0x0000000000030b10        0x0 linker stubs

.vfp11_veneer   0x0000000000030b10        0x0
 .vfp11_veneer  0x0000000000030b10        0x0 linker stubs

.v4_bx          0x0000000000030b10        0x0
 .v4_bx         0x0000000000030b10        0x0 linker stubs

.iplt           0x0000000000030b10        0x0
 .iplt          0x0000000000030b10        0x0 /home/nicslabdev/GNU ARM Embedded Toolchain/gcc-arm-none-eabi-7-2018-q2-update/bin/../lib/gcc/arm-none-eabi/7.3.1/thumb/v7e-m/fpv4-sp/hard/crtbegin.o

.mem_section_dummy_rom

.sdh_soc_observers
                0x0000000000030b10       0x18
                0x0000000000030b10                PROVIDE (__start_sdh_soc_observers = .)
 *(SORT_BY_NAME(.sdh_soc_observers*))
 .sdh_soc_observers0
                0x0000000000030b10        0x8 _build/nrf52840_xxaa/nrf_fstorage_sd.c.o
 .sdh_soc_observers0
                0x0000000000030b18        0x8 _build/nrf52840_xxaa/nrf_drv_clock.c.o
 .sdh_soc_observers1
                0x0000000000030b20        0x8 _build/nrf52840_xxaa/main.c.o
                0x0000000000030b28                PROVIDE (__stop_sdh_soc_observers = .)

.pwr_mgmt_data  0x0000000000030b28        0x0
                0x0000000000030b28                PROVIDE (__start_pwr_mgmt_data = .)
 *(SORT_BY_NAME(.pwr_mgmt_data*))
                0x0000000000030b28                PROVIDE (__stop_pwr_mgmt_data = .)

.sdh_ble_observers
                0x0000000000030b28       0x28
                0x0000000000030b28                PROVIDE (__start_sdh_ble_observers = .)
 *(SORT_BY_NAME(.sdh_ble_observers*))
 .sdh_ble_observers0
                0x0000000000030b28        0x8 _build/nrf52840_xxaa/ble_conn_state.c.o
 .sdh_ble_observers1
                0x0000000000030b30        0x8 _build/nrf52840_xxaa/bsp_btn_ble.c.o
 .sdh_ble_observers1
                0x0000000000030b38        0x8 _build/nrf52840_xxaa/main.c.o
 .sdh_ble_observers1
                0x0000000000030b40        0x8 _build/nrf52840_xxaa/peer_manager.c.o
 .sdh_ble_observers3
                0x0000000000030b48        0x8 _build/nrf52840_xxaa/main.c.o
                0x0000000000030b50                PROVIDE (__stop_sdh_ble_observers = .)

.nrf_queue      0x0000000000030b50       0x14
                [!provide]                        PROVIDE (__start_nrf_queue = .)
 *(.nrf_queue)
 .nrf_queue     0x0000000000030b50       0x14 _build/nrf52840_xxaa/ble_dis_c.c.o
                0x0000000000030b50                m_ble_dis_c_queue
                [!provide]                        PROVIDE (__stop_nrf_queue = .)

.log_const_data
                0x0000000000030b64       0xd0
                0x0000000000030b64                PROVIDE (__start_log_const_data = .)
 *(SORT_BY_NAME(.log_const_data*))
 .log_const_data_CLOCK
                0x0000000000030b64        0x8 _build/nrf52840_xxaa/nrfx_clock.c.o
                0x0000000000030b64                m_nrf_log_CLOCK_logs_data_const
 .log_const_data_GPIOTE
                0x0000000000030b6c        0x8 _build/nrf52840_xxaa/nrfx_gpiote.c.o
                0x0000000000030b6c                m_nrf_log_GPIOTE_logs_data_const
 .log_const_data_PRS
                0x0000000000030b74        0x8 _build/nrf52840_xxaa/nrfx_prs.c.o
                0x0000000000030b74                m_nrf_log_PRS_logs_data_const
 .log_const_data_UART
                0x0000000000030b7c        0x8 _build/nrf52840_xxaa/nrfx_uart.c.o
                0x0000000000030b7c                m_nrf_log_UART_logs_data_const
 .log_const_data_UARTE
                0x0000000000030b84        0x8 _build/nrf52840_xxaa/nrfx_uarte.c.o
                0x0000000000030b84                m_nrf_log_UARTE_logs_data_const
 .log_const_data_app
                0x0000000000030b8c        0x8 _build/nrf52840_xxaa/nrf_log_frontend.c.o
                0x0000000000030b8c                m_nrf_log_app_logs_data_const
 .log_const_data_ble_db_disc
                0x0000000000030b94        0x8 _build/nrf52840_xxaa/ble_db_discovery.c.o
                0x0000000000030b94                m_nrf_log_ble_db_disc_logs_data_const
 .log_const_data_ble_dis
                0x0000000000030b9c        0x8 _build/nrf52840_xxaa/ble_dis_c.c.o
                0x0000000000030b9c                m_nrf_log_ble_dis_logs_data_const
 .log_const_data_ble_rscs_c
                0x0000000000030ba4        0x8 _build/nrf52840_xxaa/ble_rscs_c.c.o
                0x0000000000030ba4                m_nrf_log_ble_rscs_c_logs_data_const
 .log_const_data_ble_scan
                0x0000000000030bac        0x8 _build/nrf52840_xxaa/nrf_ble_scan.c.o
                0x0000000000030bac                m_nrf_log_ble_scan_logs_data_const
 .log_const_data_clock
                0x0000000000030bb4        0x8 _build/nrf52840_xxaa/nrf_drv_clock.c.o
                0x0000000000030bb4                m_nrf_log_clock_logs_data_const
 .log_const_data_nrf_ble_gatt
                0x0000000000030bbc        0x8 _build/nrf52840_xxaa/nrf_ble_gatt.c.o
                0x0000000000030bbc                m_nrf_log_nrf_ble_gatt_logs_data_const
 .log_const_data_nrf_fstorage
                0x0000000000030bc4        0x8 _build/nrf52840_xxaa/nrf_fstorage.c.o
                0x0000000000030bc4                m_nrf_log_nrf_fstorage_logs_data_const
 .log_const_data_nrf_sdh
                0x0000000000030bcc        0x8 _build/nrf52840_xxaa/nrf_sdh.c.o
                0x0000000000030bcc                m_nrf_log_nrf_sdh_logs_data_const
 .log_const_data_nrf_sdh_ble
                0x0000000000030bd4        0x8 _build/nrf52840_xxaa/nrf_sdh_ble.c.o
                0x0000000000030bd4                m_nrf_log_nrf_sdh_ble_logs_data_const
 .log_const_data_nrf_sdh_soc
                0x0000000000030bdc        0x8 _build/nrf52840_xxaa/nrf_sdh_soc.c.o
                0x0000000000030bdc                m_nrf_log_nrf_sdh_soc_logs_data_const
 .log_const_data_peer_manager
                0x0000000000030be4        0x8 _build/nrf52840_xxaa/peer_manager.c.o
                0x0000000000030be4                m_nrf_log_peer_manager_logs_data_const
 .log_const_data_peer_manager_gcm
                0x0000000000030bec        0x8 _build/nrf52840_xxaa/gatt_cache_manager.c.o
                0x0000000000030bec                m_nrf_log_peer_manager_gcm_logs_data_const
 .log_const_data_peer_manager_gscm
                0x0000000000030bf4        0x8 _build/nrf52840_xxaa/gatts_cache_manager.c.o
                0x0000000000030bf4                m_nrf_log_peer_manager_gscm_logs_data_const
 .log_const_data_peer_manager_handler
                0x0000000000030bfc        0x8 _build/nrf52840_xxaa/peer_manager_handler.c.o
                0x0000000000030bfc                m_nrf_log_peer_manager_handler_logs_data_const
 .log_const_data_peer_manager_im
                0x0000000000030c04        0x8 _build/nrf52840_xxaa/id_manager.c.o
                0x0000000000030c04                m_nrf_log_peer_manager_im_logs_data_const
 .log_const_data_peer_manager_pdb
                0x0000000000030c0c        0x8 _build/nrf52840_xxaa/peer_database.c.o
                0x0000000000030c0c                m_nrf_log_peer_manager_pdb_logs_data_const
 .log_const_data_peer_manager_pds
                0x0000000000030c14        0x8 _build/nrf52840_xxaa/peer_data_storage.c.o
                0x0000000000030c14                m_nrf_log_peer_manager_pds_logs_data_const
 .log_const_data_peer_manager_sm
                0x0000000000030c1c        0x8 _build/nrf52840_xxaa/security_manager.c.o
                0x0000000000030c1c                m_nrf_log_peer_manager_sm_logs_data_const
 .log_const_data_peer_manager_smd
                0x0000000000030c24        0x8 _build/nrf52840_xxaa/security_dispatcher.c.o
                0x0000000000030c24                m_nrf_log_peer_manager_smd_logs_data_const
 .log_const_data_pwr_mgmt
                0x0000000000030c2c        0x8 _build/nrf52840_xxaa/nrf_pwr_mgmt.c.o
                0x0000000000030c2c                m_nrf_log_pwr_mgmt_logs_data_const
                0x0000000000030c34                PROVIDE (__stop_log_const_data = .)

.nrf_balloc     0x0000000000030c34       0x14
                [!provide]                        PROVIDE (__start_nrf_balloc = .)
 *(.nrf_balloc)
 .nrf_balloc    0x0000000000030c34       0x14 _build/nrf52840_xxaa/nrf_log_frontend.c.o
                0x0000000000030c34                log_mempool
                [!provide]                        PROVIDE (__stop_nrf_balloc = .)

.sdh_state_observers
                0x0000000000030c48       0x10
                0x0000000000030c48                PROVIDE (__start_sdh_state_observers = .)
 *(SORT_BY_NAME(.sdh_state_observers*))
 .sdh_state_observers0
                0x0000000000030c48        0x8 _build/nrf52840_xxaa/nrf_fstorage_sd.c.o
 .sdh_state_observers0
                0x0000000000030c50        0x8 _build/nrf52840_xxaa/nrf_drv_clock.c.o
                0x0000000000030c58                PROVIDE (__stop_sdh_state_observers = .)

.sdh_stack_observers
                0x0000000000030c58       0x10
                0x0000000000030c58                PROVIDE (__start_sdh_stack_observers = .)
 *(SORT_BY_NAME(.sdh_stack_observers*))
 .sdh_stack_observers0
                0x0000000000030c58        0x8 _build/nrf52840_xxaa/nrf_sdh_ble.c.o
 .sdh_stack_observers0
                0x0000000000030c60        0x8 _build/nrf52840_xxaa/nrf_sdh_soc.c.o
                0x0000000000030c68                PROVIDE (__stop_sdh_stack_observers = .)

.sdh_req_observers
                0x0000000000030c68        0x8
                0x0000000000030c68                PROVIDE (__start_sdh_req_observers = .)
 *(SORT_BY_NAME(.sdh_req_observers*))
 .sdh_req_observers0
                0x0000000000030c68        0x8 _build/nrf52840_xxaa/nrf_fstorage_sd.c.o
                0x0000000000030c68                m_req_obs
                0x0000000000030c70                PROVIDE (__stop_sdh_req_observers = .)

.cli_command    0x0000000000030c70        0x0
                [!provide]                        PROVIDE (__start_cli_command = .)
 *(.cli_command)
                [!provide]                        PROVIDE (__stop_cli_command = .)

.crypto_data    0x0000000000030c70        0x0
                [!provide]                        PROVIDE (__start_crypto_data = .)
 *(SORT_BY_NAME(.crypto_data*))
                [!provide]                        PROVIDE (__stop_crypto_data = .)

.log_backends   0x0000000000030c70       0x10
                [!provide]                        PROVIDE (__start_log_backends = .)
 *(SORT_BY_NAME(.log_backends*))
 .log_backends  0x0000000000030c70       0x10 _build/nrf52840_xxaa/nrf_log_default_backends.c.o
                [!provide]                        PROVIDE (__stop_log_backends = .)

.ARM.extab
 *(.ARM.extab* .gnu.linkonce.armextab.*)
                0x0000000000030c80                __exidx_start = .

.ARM.exidx      0x0000000000030c80        0x8
 *(.ARM.exidx* .gnu.linkonce.armexidx.*)
 .ARM.exidx     0x0000000000030c80        0x8 /home/nicslabdev/GNU ARM Embedded Toolchain/gcc-arm-none-eabi-7-2018-q2-update/bin/../lib/gcc/arm-none-eabi/7.3.1/../../../../arm-none-eabi/lib/thumb/v7e-m/fpv4-sp/hard/crt0.o
                0x0000000000030c88                __exidx_end = .
                0x0000000000030c88                __etext = .

.rel.dyn        0x0000000000030c88        0x0
 .rel.iplt      0x0000000000030c88        0x0 /home/nicslabdev/GNU ARM Embedded Toolchain/gcc-arm-none-eabi-7-2018-q2-update/bin/../lib/gcc/arm-none-eabi/7.3.1/thumb/v7e-m/fpv4-sp/hard/crtbegin.o

.data           0x0000000020001cd0      0x210 load address 0x0000000000030c88
                0x0000000020001cd0                __data_start__ = .
 *(vtable)
 *(.data*)
 .data.m_uart   0x0000000020001cd0       0x14 _build/nrf52840_xxaa/nrf_log_backend_uart.c.o
                0x0000000020001cd0                m_uart
 .data.log_backend_cb_uart_log_backend
                0x0000000020001ce4        0x8 _build/nrf52840_xxaa/nrf_log_default_backends.c.o
 .data.SystemCoreClock
                0x0000000020001cec        0x4 _build/nrf52840_xxaa/system_nrf52840.c.o
                0x0000000020001cec                SystemCoreClock
 .data.m_scan_param
                0x0000000020001cf0        0xe _build/nrf52840_xxaa/main.c.o
 .data.m_flag_allow_repairing
                0x0000000020001cfe        0x1 _build/nrf52840_xxaa/security_dispatcher.c.o
 .data.m_flag_sec_proc
                0x0000000020001cff        0x1 _build/nrf52840_xxaa/security_dispatcher.c.o
 .data.m_flag_sec_proc_bonding
                0x0000000020001d00        0x1 _build/nrf52840_xxaa/security_dispatcher.c.o
 .data.m_flag_sec_proc_pairing
                0x0000000020001d01        0x1 _build/nrf52840_xxaa/security_dispatcher.c.o
 .data.m_flag_link_secure_force_repairing
                0x0000000020001d02        0x1 _build/nrf52840_xxaa/security_manager.c.o
 .data.m_flag_link_secure_null_params
                0x0000000020001d03        0x1 _build/nrf52840_xxaa/security_manager.c.o
 .data.m_flag_link_secure_pending_busy
                0x0000000020001d04        0x1 _build/nrf52840_xxaa/security_manager.c.o
 .data.m_flag_params_reply_pending_busy
                0x0000000020001d05        0x1 _build/nrf52840_xxaa/security_manager.c.o
 *fill*         0x0000000020001d06        0x2 
 .data._impure_ptr
                0x0000000020001d08        0x4 /home/nicslabdev/GNU ARM Embedded Toolchain/gcc-arm-none-eabi-7-2018-q2-update/bin/../lib/gcc/arm-none-eabi/7.3.1/../../../../arm-none-eabi/lib/thumb/v7e-m/fpv4-sp/hard/libc_nano.a(lib_a-impure.o)
                0x0000000020001d08                _impure_ptr
 .data.impure_data
                0x0000000020001d0c       0x60 /home/nicslabdev/GNU ARM Embedded Toolchain/gcc-arm-none-eabi-7-2018-q2-update/bin/../lib/gcc/arm-none-eabi/7.3.1/../../../../arm-none-eabi/lib/thumb/v7e-m/fpv4-sp/hard/libc_nano.a(lib_a-impure.o)
 .data.__global_locale
                0x0000000020001d6c      0x16c /home/nicslabdev/GNU ARM Embedded Toolchain/gcc-arm-none-eabi-7-2018-q2-update/bin/../lib/gcc/arm-none-eabi/7.3.1/../../../../arm-none-eabi/lib/thumb/v7e-m/fpv4-sp/hard/libc_nano.a(lib_a-locale.o)
                0x0000000020001d6c                __global_locale
                0x0000000020001ed8                . = ALIGN (0x4)
                0x0000000020001ed8                PROVIDE (__preinit_array_start = .)
 *(.preinit_array)
                0x0000000020001ed8                PROVIDE (__preinit_array_end = .)
                0x0000000020001ed8                . = ALIGN (0x4)
                0x0000000020001ed8                PROVIDE (__init_array_start = .)
 *(SORT_BY_NAME(.init_array.*))
 *(.init_array)
 .init_array    0x0000000020001ed8        0x4 /home/nicslabdev/GNU ARM Embedded Toolchain/gcc-arm-none-eabi-7-2018-q2-update/bin/../lib/gcc/arm-none-eabi/7.3.1/thumb/v7e-m/fpv4-sp/hard/crtbegin.o
                0x0000000020001edc                PROVIDE (__init_array_end = .)
                0x0000000020001edc                . = ALIGN (0x4)
                [!provide]                        PROVIDE (__fini_array_start = .)
 *(SORT_BY_NAME(.fini_array.*))
 *(.fini_array)
 .fini_array    0x0000000020001edc        0x4 /home/nicslabdev/GNU ARM Embedded Toolchain/gcc-arm-none-eabi-7-2018-q2-update/bin/../lib/gcc/arm-none-eabi/7.3.1/thumb/v7e-m/fpv4-sp/hard/crtbegin.o
                [!provide]                        PROVIDE (__fini_array_end = .)
 *(.jcr*)
                0x0000000020001ee0                . = ALIGN (0x4)
                0x0000000020001ee0                __data_end__ = .
LOAD /home/nicslabdev/GNU ARM Embedded Toolchain/gcc-arm-none-eabi-7-2018-q2-update/bin/../lib/gcc/arm-none-eabi/7.3.1/thumb/v7e-m/fpv4-sp/hard/crti.o
LOAD /home/nicslabdev/GNU ARM Embedded Toolchain/gcc-arm-none-eabi-7-2018-q2-update/bin/../lib/gcc/arm-none-eabi/7.3.1/thumb/v7e-m/fpv4-sp/hard/crtbegin.o
LOAD /home/nicslabdev/GNU ARM Embedded Toolchain/gcc-arm-none-eabi-7-2018-q2-update/bin/../lib/gcc/arm-none-eabi/7.3.1/../../../../arm-none-eabi/lib/thumb/v7e-m/fpv4-sp/hard/crt0.o
LOAD _build/nrf52840_xxaa/gcc_startup_nrf52840.S.o
LOAD _build/nrf52840_xxaa/nrf_log_backend_rtt.c.o
LOAD _build/nrf52840_xxaa/nrf_log_backend_serial.c.o
LOAD _build/nrf52840_xxaa/nrf_log_backend_uart.c.o
LOAD _build/nrf52840_xxaa/nrf_log_default_backends.c.o
LOAD _build/nrf52840_xxaa/nrf_log_frontend.c.o
LOAD _build/nrf52840_xxaa/nrf_log_str_formatter.c.o
LOAD _build/nrf52840_xxaa/app_button.c.o
LOAD _build/nrf52840_xxaa/app_error.c.o
LOAD _build/nrf52840_xxaa/app_error_handler_gcc.c.o
LOAD _build/nrf52840_xxaa/app_error_weak.c.o
LOAD _build/nrf52840_xxaa/app_scheduler.c.o
LOAD _build/nrf52840_xxaa/app_timer.c.o
LOAD _build/nrf52840_xxaa/app_util_platform.c.o
LOAD _build/nrf52840_xxaa/crc16.c.o
LOAD _build/nrf52840_xxaa/fds.c.o
LOAD _build/nrf52840_xxaa/hardfault_implementation.c.o
LOAD _build/nrf52840_xxaa/nrf_assert.c.o
LOAD _build/nrf52840_xxaa/nrf_atfifo.c.o
LOAD _build/nrf52840_xxaa/nrf_atflags.c.o
LOAD _build/nrf52840_xxaa/nrf_atomic.c.o
LOAD _build/nrf52840_xxaa/nrf_balloc.c.o
LOAD _build/nrf52840_xxaa/nrf_fprintf.c.o
LOAD _build/nrf52840_xxaa/nrf_fprintf_format.c.o
LOAD _build/nrf52840_xxaa/nrf_fstorage.c.o
LOAD _build/nrf52840_xxaa/nrf_fstorage_sd.c.o
LOAD _build/nrf52840_xxaa/nrf_memobj.c.o
LOAD _build/nrf52840_xxaa/nrf_pwr_mgmt.c.o
LOAD _build/nrf52840_xxaa/nrf_queue.c.o
LOAD _build/nrf52840_xxaa/nrf_ringbuf.c.o
LOAD _build/nrf52840_xxaa/nrf_section_iter.c.o
LOAD _build/nrf52840_xxaa/nrf_strerror.c.o
LOAD _build/nrf52840_xxaa/system_nrf52840.c.o
LOAD _build/nrf52840_xxaa/boards.c.o
LOAD _build/nrf52840_xxaa/nrf_drv_clock.c.o
LOAD _build/nrf52840_xxaa/nrf_drv_uart.c.o
LOAD _build/nrf52840_xxaa/nrfx_clock.c.o
LOAD _build/nrf52840_xxaa/nrfx_gpiote.c.o
LOAD _build/nrf52840_xxaa/nrfx_power_clock.c.o
LOAD _build/nrf52840_xxaa/nrfx_prs.c.o
LOAD _build/nrf52840_xxaa/nrfx_uart.c.o
LOAD _build/nrf52840_xxaa/nrfx_uarte.c.o
LOAD _build/nrf52840_xxaa/bsp.c.o
LOAD _build/nrf52840_xxaa/bsp_btn_ble.c.o
LOAD _build/nrf52840_xxaa/main.c.o
LOAD _build/nrf52840_xxaa/SEGGER_RTT.c.o
LOAD _build/nrf52840_xxaa/SEGGER_RTT_Syscalls_GCC.c.o
LOAD _build/nrf52840_xxaa/SEGGER_RTT_printf.c.o
LOAD _build/nrf52840_xxaa/auth_status_tracker.c.o
LOAD _build/nrf52840_xxaa/ble_advdata.c.o
LOAD _build/nrf52840_xxaa/ble_conn_state.c.o
LOAD _build/nrf52840_xxaa/ble_db_discovery.c.o
LOAD _build/nrf52840_xxaa/ble_srv_common.c.o
LOAD _build/nrf52840_xxaa/gatt_cache_manager.c.o
LOAD _build/nrf52840_xxaa/gatts_cache_manager.c.o
LOAD _build/nrf52840_xxaa/id_manager.c.o
LOAD _build/nrf52840_xxaa/nrf_ble_gatt.c.o
LOAD _build/nrf52840_xxaa/nrf_ble_scan.c.o
LOAD _build/nrf52840_xxaa/peer_data_storage.c.o
LOAD _build/nrf52840_xxaa/peer_database.c.o
LOAD _build/nrf52840_xxaa/peer_id.c.o
LOAD _build/nrf52840_xxaa/peer_manager.c.o
LOAD _build/nrf52840_xxaa/peer_manager_handler.c.o
LOAD _build/nrf52840_xxaa/pm_buffer.c.o
LOAD _build/nrf52840_xxaa/security_dispatcher.c.o
LOAD _build/nrf52840_xxaa/security_manager.c.o
LOAD _build/nrf52840_xxaa/utf.c.o
LOAD _build/nrf52840_xxaa/ble_dis_c.c.o
LOAD _build/nrf52840_xxaa/ble_rscs_c.c.o
LOAD _build/nrf52840_xxaa/nrf_sdh.c.o
LOAD _build/nrf52840_xxaa/nrf_sdh_ble.c.o
LOAD _build/nrf52840_xxaa/nrf_sdh_soc.c.o
LOAD /home/nicslabdev/GNU ARM Embedded Toolchain/gcc-arm-none-eabi-7-2018-q2-update/bin/../lib/gcc/arm-none-eabi/7.3.1/../../../../arm-none-eabi/lib/thumb/v7e-m/fpv4-sp/hard/libc_nano.a
LOAD /home/nicslabdev/GNU ARM Embedded Toolchain/gcc-arm-none-eabi-7-2018-q2-update/bin/../lib/gcc/arm-none-eabi/7.3.1/../../../../arm-none-eabi/lib/thumb/v7e-m/fpv4-sp/hard/libnosys.a
LOAD /home/nicslabdev/GNU ARM Embedded Toolchain/gcc-arm-none-eabi-7-2018-q2-update/bin/../lib/gcc/arm-none-eabi/7.3.1/../../../../arm-none-eabi/lib/thumb/v7e-m/fpv4-sp/hard/libm.a
START GROUP
LOAD /home/nicslabdev/GNU ARM Embedded Toolchain/gcc-arm-none-eabi-7-2018-q2-update/bin/../lib/gcc/arm-none-eabi/7.3.1/thumb/v7e-m/fpv4-sp/hard/libgcc.a
LOAD /home/nicslabdev/GNU ARM Embedded Toolchain/gcc-arm-none-eabi-7-2018-q2-update/bin/../lib/gcc/arm-none-eabi/7.3.1/../../../../arm-none-eabi/lib/thumb/v7e-m/fpv4-sp/hard/libg_nano.a
LOAD /home/nicslabdev/GNU ARM Embedded Toolchain/gcc-arm-none-eabi-7-2018-q2-update/bin/../lib/gcc/arm-none-eabi/7.3.1/../../../../arm-none-eabi/lib/thumb/v7e-m/fpv4-sp/hard/libc_nano.a
END GROUP
START GROUP
LOAD /home/nicslabdev/GNU ARM Embedded Toolchain/gcc-arm-none-eabi-7-2018-q2-update/bin/../lib/gcc/arm-none-eabi/7.3.1/thumb/v7e-m/fpv4-sp/hard/libgcc.a
LOAD /home/nicslabdev/GNU ARM Embedded Toolchain/gcc-arm-none-eabi-7-2018-q2-update/bin/../lib/gcc/arm-none-eabi/7.3.1/../../../../arm-none-eabi/lib/thumb/v7e-m/fpv4-sp/hard/libc_nano.a
END GROUP
LOAD /home/nicslabdev/GNU ARM Embedded Toolchain/gcc-arm-none-eabi-7-2018-q2-update/bin/../lib/gcc/arm-none-eabi/7.3.1/thumb/v7e-m/fpv4-sp/hard/crtend.o
LOAD /home/nicslabdev/GNU ARM Embedded Toolchain/gcc-arm-none-eabi-7-2018-q2-update/bin/../lib/gcc/arm-none-eabi/7.3.1/thumb/v7e-m/fpv4-sp/hard/crtn.o
START GROUP
LOAD /home/nicslabdev/GNU ARM Embedded Toolchain/gcc-arm-none-eabi-7-2018-q2-update/bin/../lib/gcc/arm-none-eabi/7.3.1/thumb/v7e-m/fpv4-sp/hard/libgcc.a
LOAD /home/nicslabdev/GNU ARM Embedded Toolchain/gcc-arm-none-eabi-7-2018-q2-update/bin/../lib/gcc/arm-none-eabi/7.3.1/../../../../arm-none-eabi/lib/thumb/v7e-m/fpv4-sp/hard/libc.a
LOAD /home/nicslabdev/GNU ARM Embedded Toolchain/gcc-arm-none-eabi-7-2018-q2-update/bin/../lib/gcc/arm-none-eabi/7.3.1/../../../../arm-none-eabi/lib/thumb/v7e-m/fpv4-sp/hard/libnosys.a
END GROUP

.igot.plt       0x0000000020001ee0        0x0 load address 0x0000000000030e98
 .igot.plt      0x0000000020001ee0        0x0 /home/nicslabdev/GNU ARM Embedded Toolchain/gcc-arm-none-eabi-7-2018-q2-update/bin/../lib/gcc/arm-none-eabi/7.3.1/thumb/v7e-m/fpv4-sp/hard/crtbegin.o
                0x0000000020001ee0                . = ALIGN (0x4)

.mem_section_dummy_ram

.log_dynamic_data
                0x0000000020001ee0        0x0
                0x0000000020001ee0                PROVIDE (__start_log_dynamic_data = .)
 *(SORT_BY_NAME(.log_dynamic_data*))
                [!provide]                        PROVIDE (__stop_log_dynamic_data = .)

.log_filter_data
                0x0000000020001ee0        0x0
                [!provide]                        PROVIDE (__start_log_filter_data = .)
 *(SORT_BY_NAME(.log_filter_data*))
                [!provide]                        PROVIDE (__stop_log_filter_data = .)

.cli_sorted_cmd_ptrs
                0x0000000020001ee0        0x0
                [!provide]                        PROVIDE (__start_cli_sorted_cmd_ptrs = .)
 *(.cli_sorted_cmd_ptrs)
                [!provide]                        PROVIDE (__stop_cli_sorted_cmd_ptrs = .)

.fs_data        0x0000000020001ee0       0x14 load address 0x0000000000030e98
                0x0000000020001ee0                PROVIDE (__start_fs_data = .)
 *(.fs_data)
 .fs_data       0x0000000020001ee0       0x14 _build/nrf52840_xxaa/fds.c.o
                0x0000000020001ee0                m_fs
                0x0000000020001ef4                PROVIDE (__stop_fs_data = .)

.bss            0x0000000020001ef4      0xcc0 load address 0x0000000000030eac
                0x0000000020001ef4                . = ALIGN (0x4)
                0x0000000020001ef4                __bss_start__ = .
 *(.bss*)
 .bss           0x0000000020001ef4       0x1c /home/nicslabdev/GNU ARM Embedded Toolchain/gcc-arm-none-eabi-7-2018-q2-update/bin/../lib/gcc/arm-none-eabi/7.3.1/thumb/v7e-m/fpv4-sp/hard/crtbegin.o
 .bss.m_async_mode
                0x0000000020001f10        0x1 _build/nrf52840_xxaa/nrf_log_backend_uart.c.o
 *fill*         0x0000000020001f11        0x3 
 .bss.m_string_buff
                0x0000000020001f14       0x40 _build/nrf52840_xxaa/nrf_log_backend_uart.c.o
 .bss.m_xfer_done
                0x0000000020001f54        0x1 _build/nrf52840_xxaa/nrf_log_backend_uart.c.o
 *fill*         0x0000000020001f55        0x3 
 .bss.log_mempool_nrf_balloc_cb
                0x0000000020001f58        0x8 _build/nrf52840_xxaa/nrf_log_frontend.c.o
 .bss.log_mempool_nrf_balloc_pool_mem
                0x0000000020001f60       0xc0 _build/nrf52840_xxaa/nrf_log_frontend.c.o
 .bss.log_mempool_nrf_balloc_pool_stack
                0x0000000020002020        0x8 _build/nrf52840_xxaa/nrf_log_frontend.c.o
 .bss.m_log_data
                0x0000000020002028      0x424 _build/nrf52840_xxaa/nrf_log_frontend.c.o
 .bss.m_log_push_ringbuf_buf
                0x000000002000244c       0x80 _build/nrf52840_xxaa/nrf_log_frontend.c.o
 .bss.m_log_push_ringbuf_cb
                0x00000000200024cc       0x18 _build/nrf52840_xxaa/nrf_log_frontend.c.o
 .bss.m_op_queue
                0x00000000200024e4      0x10c _build/nrf52840_xxaa/app_timer.c.o
 .bss.m_rtc1_reset
                0x00000000200025f0        0x1 _build/nrf52840_xxaa/app_timer.c.o
 .bss.m_rtc1_running
                0x00000000200025f1        0x1 _build/nrf52840_xxaa/app_timer.c.o
 *fill*         0x00000000200025f2        0x2 
 .bss.m_ticks_elapsed
                0x00000000200025f4        0x8 _build/nrf52840_xxaa/app_timer.c.o
 .bss.m_ticks_elapsed_q_read_ind
                0x00000000200025fc        0x1 _build/nrf52840_xxaa/app_timer.c.o
 .bss.m_ticks_elapsed_q_write_ind
                0x00000000200025fd        0x1 _build/nrf52840_xxaa/app_timer.c.o
 *fill*         0x00000000200025fe        0x2 
 .bss.m_ticks_latest
                0x0000000020002600        0x4 _build/nrf52840_xxaa/app_timer.c.o
 .bss.mp_timer_id_head
                0x0000000020002604        0x4 _build/nrf52840_xxaa/app_timer.c.o
 .bss.desc.9430
                0x0000000020002608        0xc _build/nrf52840_xxaa/fds.c.o
 .bss.m_cb_table
                0x0000000020002614       0x10 _build/nrf52840_xxaa/fds.c.o
 .bss.m_flags   0x0000000020002624        0x8 _build/nrf52840_xxaa/fds.c.o
 .bss.m_gc      0x000000002000262c       0x10 _build/nrf52840_xxaa/fds.c.o
 .bss.m_iget_ctx.9467
                0x000000002000263c        0x4 _build/nrf52840_xxaa/fds.c.o
 .bss.m_latest_rec_id
                0x0000000020002640        0x4 _build/nrf52840_xxaa/fds.c.o
 .bss.m_p_cur_op.9466
                0x0000000020002644        0x4 _build/nrf52840_xxaa/fds.c.o
 .bss.m_pages   0x0000000020002648       0x28 _build/nrf52840_xxaa/fds.c.o
 .bss.m_queue_inst
                0x0000000020002670       0x10 _build/nrf52840_xxaa/fds.c.o
 .bss.m_queued_op_cnt
                0x0000000020002680        0x4 _build/nrf52840_xxaa/fds.c.o
 .bss.m_swap_page
                0x0000000020002684        0x8 _build/nrf52840_xxaa/fds.c.o
 .bss.page.9431
                0x000000002000268c        0x2 _build/nrf52840_xxaa/fds.c.o
 *fill*         0x000000002000268e        0x2 
 .bss.tok.9337  0x0000000020002690        0x8 _build/nrf52840_xxaa/fds.c.o
 .bss.m_fifo_inst
                0x0000000020002698       0x10 _build/nrf52840_xxaa/nrf_fstorage_sd.c.o
 .bss.m_flags   0x00000000200026a8       0x14 _build/nrf52840_xxaa/nrf_fstorage_sd.c.o
 .bss.m_iget_ctx
                0x00000000200026bc        0x4 _build/nrf52840_xxaa/nrf_fstorage_sd.c.o
 .bss.m_p_cur_op
                0x00000000200026c0        0x4 _build/nrf52840_xxaa/nrf_fstorage_sd.c.o
 .bss.m_handlers_iter
                0x00000000200026c4        0x8 _build/nrf52840_xxaa/nrf_pwr_mgmt.c.o
 .bss.m_shutdown_started
                0x00000000200026cc        0x1 _build/nrf52840_xxaa/nrf_pwr_mgmt.c.o
 *fill*         0x00000000200026cd        0x3 
 .bss.m_sysoff_mtx
                0x00000000200026d0        0x4 _build/nrf52840_xxaa/nrf_pwr_mgmt.c.o
 .bss.m_clock_cb
                0x00000000200026d4       0x14 _build/nrf52840_xxaa/nrf_drv_clock.c.o
 .bss.m_contexts
                0x00000000200026e8        0x8 _build/nrf52840_xxaa/nrf_drv_uart.c.o
 .bss.m_handlers
                0x00000000200026f0        0x8 _build/nrf52840_xxaa/nrf_drv_uart.c.o
 .bss.m_clock_cb
                0x00000000200026f8        0x8 _build/nrf52840_xxaa/nrfx_clock.c.o
 .bss.m_cb      0x0000000020002700       0x6c _build/nrf52840_xxaa/nrfx_gpiote.c.o
 .bss.m_prs_box_4
                0x000000002000276c        0x8 _build/nrf52840_xxaa/nrfx_prs.c.o
 .bss.m_cb      0x0000000020002774       0x2c _build/nrf52840_xxaa/nrfx_uart.c.o
 .bss.m_cb      0x00000000200027a0       0x24 _build/nrf52840_xxaa/nrfx_uarte.c.o
 .bss.m_events_list
                0x00000000200027c4        0xc _build/nrf52840_xxaa/bsp.c.o
 .bss.m_error_handler
                0x00000000200027d0        0x4 _build/nrf52840_xxaa/bsp_btn_ble.c.o
 .bss.m_num_connections
                0x00000000200027d4        0x4 _build/nrf52840_xxaa/bsp_btn_ble.c.o
 .bss.m_memory_access_in_progress
                0x00000000200027d8        0x1 _build/nrf52840_xxaa/main.c.o
 *fill*         0x00000000200027d9        0x3 
 .bss.m_scan    0x00000000200027dc      0x130 _build/nrf52840_xxaa/main.c.o
 .bss.m_bcs     0x000000002000290c       0x78 _build/nrf52840_xxaa/ble_conn_state.c.o
 .bss.m_db_update_in_progress_mutex
                0x0000000020002984        0x4 _build/nrf52840_xxaa/gatt_cache_manager.c.o
 .bss.m_flag_local_db_apply_pending
                0x0000000020002988        0x1 _build/nrf52840_xxaa/gatt_cache_manager.c.o
 .bss.m_flag_local_db_update_pending
                0x0000000020002989        0x1 _build/nrf52840_xxaa/gatt_cache_manager.c.o
 *fill*         0x000000002000298a        0x2 
 .bss.m_connections
                0x000000002000298c       0xc8 _build/nrf52840_xxaa/id_manager.c.o
 .bss.m_fds_ftok
                0x0000000020002a54        0x8 _build/nrf52840_xxaa/peer_data_storage.c.o
 .bss.m_peer_delete_deferred
                0x0000000020002a5c        0x1 _build/nrf52840_xxaa/peer_data_storage.c.o
 .bss.m_pending_store
                0x0000000020002a5d        0x1 _build/nrf52840_xxaa/peer_database.c.o
 *fill*         0x0000000020002a5e        0x2 
 .bss.m_write_buffer
                0x0000000020002a60       0x10 _build/nrf52840_xxaa/peer_database.c.o
 .bss.m_write_buffer_records
                0x0000000020002a70       0x30 _build/nrf52840_xxaa/peer_database.c.o
 .bss.m_pi      0x0000000020002aa0       0x40 _build/nrf52840_xxaa/peer_id.c.o
 .bss.m_current_highest_peer_rank
                0x0000000020002ae0        0x4 _build/nrf52840_xxaa/peer_manager.c.o
 .bss.m_deleting_all
                0x0000000020002ae4        0x1 _build/nrf52840_xxaa/peer_manager.c.o
 *fill*         0x0000000020002ae5        0x3 
 .bss.m_evt_handlers
                0x0000000020002ae8        0xc _build/nrf52840_xxaa/peer_manager.c.o
 .bss.m_highest_ranked_peer
                0x0000000020002af4        0x2 _build/nrf52840_xxaa/peer_manager.c.o
 .bss.m_module_initialized
                0x0000000020002af6        0x1 _build/nrf52840_xxaa/peer_manager.c.o
 .bss.m_n_registrants
                0x0000000020002af7        0x1 _build/nrf52840_xxaa/peer_manager.c.o
 .bss.m_peer_rank_initialized
                0x0000000020002af8        0x1 _build/nrf52840_xxaa/peer_manager.c.o
 *fill*         0x0000000020002af9        0x3 
 .bss.m_peer_rank_token
                0x0000000020002afc        0x4 _build/nrf52840_xxaa/peer_manager.c.o
 .bss.m_peer_pk
                0x0000000020002b00       0x40 _build/nrf52840_xxaa/security_dispatcher.c.o
 .bss.m_p_public_key
                0x0000000020002b40        0x4 _build/nrf52840_xxaa/security_manager.c.o
 .bss.m_sec_params
                0x0000000020002b44        0x5 _build/nrf52840_xxaa/security_manager.c.o
 .bss.m_sec_params_set
                0x0000000020002b49        0x1 _build/nrf52840_xxaa/security_manager.c.o
 *fill*         0x0000000020002b4a        0x2 
 .bss.mp_sec_params
                0x0000000020002b4c        0x4 _build/nrf52840_xxaa/security_manager.c.o
 .bss.m_ble_dis_c_queue_nrf_queue_buffer
                0x0000000020002b50       0x44 _build/nrf52840_xxaa/ble_dis_c.c.o
 .bss.m_ble_dis_c_queue_nrf_queue_cb
                0x0000000020002b94        0xc _build/nrf52840_xxaa/ble_dis_c.c.o
 .bss.m_nrf_sdh_continue
                0x0000000020002ba0        0x1 _build/nrf52840_xxaa/nrf_sdh.c.o
 .bss.m_nrf_sdh_enabled
                0x0000000020002ba1        0x1 _build/nrf52840_xxaa/nrf_sdh.c.o
 .bss.m_nrf_sdh_suspended
                0x0000000020002ba2        0x1 _build/nrf52840_xxaa/nrf_sdh.c.o
 .bss.m_stack_is_enabled
                0x0000000020002ba3        0x1 _build/nrf52840_xxaa/nrf_sdh_ble.c.o
 *(COMMON)
 COMMON         0x0000000020002ba4        0xc _build/nrf52840_xxaa/app_util_platform.c.o
                0x0000000020002ba4                nrf_nvic_state
 COMMON         0x0000000020002bb0        0x2 _build/nrf52840_xxaa/nrf_drv_uart.c.o
                0x0000000020002bb0                nrf_drv_uart_use_easy_dma
                0x0000000020002bb4                . = ALIGN (0x4)
 *fill*         0x0000000020002bb2        0x2 
                0x0000000020002bb4                __bss_end__ = .

.heap           0x0000000020002bb8     0x2000
                0x0000000020002bb8                __HeapBase = .
                0x0000000020002bb8                __end__ = .
                [!provide]                        PROVIDE (end = .)
 *(.heap*)
 .heap          0x0000000020002bb8     0x2000 _build/nrf52840_xxaa/gcc_startup_nrf52840.S.o
                0x0000000020004bb8                __HeapLimit = .

.stack_dummy    0x0000000020002bb8     0x2000
 *(.stack*)
 .stack         0x0000000020002bb8     0x2000 _build/nrf52840_xxaa/gcc_startup_nrf52840.S.o
                0x0000000020040000                __StackTop = (ORIGIN (RAM) + LENGTH (RAM))
                0x000000002003e000                __StackLimit = (__StackTop - SIZEOF (.stack_dummy))
                0x0000000020040000                PROVIDE (__stack = __StackTop)
                0x0000000000000001                ASSERT ((__StackLimit >= __HeapLimit), region RAM overflowed with stack)
                0x0000000000000224                DataInitFlashUsed = (__bss_start__ - __data_start__)
                0x000000000000ac88                CodeFlashUsed = (__etext - ORIGIN (FLASH))
                0x000000000000aeac                TotalFlashUsed = (CodeFlashUsed + DataInitFlashUsed)
                0x0000000000000001                ASSERT ((TotalFlashUsed <= LENGTH (FLASH)), region FLASH overflowed with .data and user data)
OUTPUT(_build/nrf52840_xxaa.out elf32-littlearm)

.ARM.attributes
                0x0000000000000000       0x30
 .ARM.attributes
                0x0000000000000000       0x22 /home/nicslabdev/GNU ARM Embedded Toolchain/gcc-arm-none-eabi-7-2018-q2-update/bin/../lib/gcc/arm-none-eabi/7.3.1/thumb/v7e-m/fpv4-sp/hard/crti.o
 .ARM.attributes
                0x0000000000000022       0x34 /home/nicslabdev/GNU ARM Embedded Toolchain/gcc-arm-none-eabi-7-2018-q2-update/bin/../lib/gcc/arm-none-eabi/7.3.1/thumb/v7e-m/fpv4-sp/hard/crtbegin.o
 .ARM.attributes
                0x0000000000000056       0x20 /home/nicslabdev/GNU ARM Embedded Toolchain/gcc-arm-none-eabi-7-2018-q2-update/bin/../lib/gcc/arm-none-eabi/7.3.1/../../../../arm-none-eabi/lib/thumb/v7e-m/fpv4-sp/hard/crt0.o
 .ARM.attributes
                0x0000000000000076       0x20 _build/nrf52840_xxaa/gcc_startup_nrf52840.S.o
 .ARM.attributes
                0x0000000000000096       0x39 _build/nrf52840_xxaa/nrf_log_backend_serial.c.o
 .ARM.attributes
                0x00000000000000cf       0x39 _build/nrf52840_xxaa/nrf_log_backend_uart.c.o
 .ARM.attributes
                0x0000000000000108       0x39 _build/nrf52840_xxaa/nrf_log_default_backends.c.o
 .ARM.attributes
                0x0000000000000141       0x39 _build/nrf52840_xxaa/nrf_log_frontend.c.o
 .ARM.attributes
                0x000000000000017a       0x39 _build/nrf52840_xxaa/nrf_log_str_formatter.c.o
 .ARM.attributes
                0x00000000000001b3       0x39 _build/nrf52840_xxaa/app_error.c.o
 .ARM.attributes
                0x00000000000001ec       0x39 _build/nrf52840_xxaa/app_error_weak.c.o
 .ARM.attributes
                0x0000000000000225       0x39 _build/nrf52840_xxaa/app_timer.c.o
 .ARM.attributes
                0x000000000000025e       0x39 _build/nrf52840_xxaa/app_util_platform.c.o
 .ARM.attributes
                0x0000000000000297       0x39 _build/nrf52840_xxaa/fds.c.o
 .ARM.attributes
                0x00000000000002d0       0x39 _build/nrf52840_xxaa/nrf_atfifo.c.o
 .ARM.attributes
                0x0000000000000309       0x39 _build/nrf52840_xxaa/nrf_atflags.c.o
 .ARM.attributes
                0x0000000000000342       0x39 _build/nrf52840_xxaa/nrf_atomic.c.o
 .ARM.attributes
                0x000000000000037b       0x39 _build/nrf52840_xxaa/nrf_balloc.c.o
 .ARM.attributes
                0x00000000000003b4       0x39 _build/nrf52840_xxaa/nrf_fprintf.c.o
 .ARM.attributes
                0x00000000000003ed       0x39 _build/nrf52840_xxaa/nrf_fprintf_format.c.o
 .ARM.attributes
                0x0000000000000426       0x39 _build/nrf52840_xxaa/nrf_fstorage.c.o
 .ARM.attributes
                0x000000000000045f       0x39 _build/nrf52840_xxaa/nrf_fstorage_sd.c.o
 .ARM.attributes
                0x0000000000000498       0x39 _build/nrf52840_xxaa/nrf_memobj.c.o
 .ARM.attributes
                0x00000000000004d1       0x39 _build/nrf52840_xxaa/nrf_pwr_mgmt.c.o
 .ARM.attributes
                0x000000000000050a       0x39 _build/nrf52840_xxaa/nrf_ringbuf.c.o
 .ARM.attributes
                0x0000000000000543       0x39 _build/nrf52840_xxaa/nrf_section_iter.c.o
 .ARM.attributes